Benchmark launcher config:
  nnodes=32
  gpus_per_node=4
  global_batch_target=1024
  batch_size_per_gpu=8
  grad_accum_steps=1
  num_workers=16
  input_budget=256
  anchor_ratio_min=0.8
  anchor_ratio_max=1.6
  output_budget=128
  beta_alpha=1.0
  beta_beta=4
  warmup_steps=200
  measure_steps=1800
  data_path=/capstor/store/cscs/pasc/c39/swiss-ai/test/data/train/
================================================================================
AION Distributed Training
================================================================================
World Size: 128
Rank: 0
Local Rank: 0
Device: cuda:0
================================================================================
Output directory: /capstor/store/cscs/pasc/c39/swiss-ai/benchmark/1766789/20260331_081338
NCCL version 2.21.5+cuda12.4

Loading model configuration (training from scratch): polymathic-ai/aion-base
Warning: You are sending unauthenticated requests to the HF Hub. Please set a HF_TOKEN to enable higher rate limits and faster downloads.
Warning: You are sending unauthenticated requests to the HF Hub. Please set a HF_TOKEN to enable higher rate limits and faster downloads.
Warning: You are sending unauthenticated requests to the HF Hub. Please set a HF_TOKEN to enable higher rate limits and faster downloads.
Warning: You are sending unauthenticated requests to the HF Hub. Please set a HF_TOKEN to enable higher rate limits and faster downloads.
Warning: You are sending unauthenticated requests to the HF Hub. Please set a HF_TOKEN to enable higher rate limits and faster downloads.
Warning: You are sending unauthenticated requests to the HF Hub. Please set a HF_TOKEN to enable higher rate limits and faster downloads.
Warning: You are sending unauthenticated requests to the HF Hub. Please set a HF_TOKEN to enable higher rate limits and faster downloads.
Warning: You are sending unauthenticated requests to the HF Hub. Please set a HF_TOKEN to enable higher rate limits and faster downloads.
Warning: You are sending unauthenticated requests to the HF Hub. Please set a HF_TOKEN to enable higher rate limits and faster downloads.
Warning: You are sending unauthenticated requests to the HF Hub. Please set a HF_TOKEN to enable higher rate limits and faster downloads.
Warning: You are sending unauthenticated requests to the HF Hub. Please set a HF_TOKEN to enable higher rate limits and faster downloads.
Warning: You are sending unauthenticated requests to the HF Hub. Please set a HF_TOKEN to enable higher rate limits and faster downloads.
Warning: You are sending unauthenticated requests to the HF Hub. Please set a HF_TOKEN to enable higher rate limits and faster downloads.
Warning: You are sending unauthenticated requests to the HF Hub. Please set a HF_TOKEN to enable higher rate limits and faster downloads.
Warning: You are sending unauthenticated requests to the HF Hub. Please set a HF_TOKEN to enable higher rate limits and faster downloads.
Warning: You are sending unauthenticated requests to the HF Hub. Please set a HF_TOKEN to enable higher rate limits and faster downloads.
Warning: You are sending unauthenticated requests to the HF Hub. Please set a HF_TOKEN to enable higher rate limits and faster downloads.
Warning: You are sending unauthenticated requests to the HF Hub. Please set a HF_TOKEN to enable higher rate limits and faster downloads.
Warning: You are sending unauthenticated requests to the HF Hub. Please set a HF_TOKEN to enable higher rate limits and faster downloads.
Warning: You are sending unauthenticated requests to the HF Hub. Please set a HF_TOKEN to enable higher rate limits and faster downloads.
Warning: You are sending unauthenticated requests to the HF Hub. Please set a HF_TOKEN to enable higher rate limits and faster downloads.
Warning: You are sending unauthenticated requests to the HF Hub. Please set a HF_TOKEN to enable higher rate limits and faster downloads.
Warning: You are sending unauthenticated requests to the HF Hub. Please set a HF_TOKEN to enable higher rate limits and faster downloads.
Warning: You are sending unauthenticated requests to the HF Hub. Please set a HF_TOKEN to enable higher rate limits and faster downloads.
Warning: You are sending unauthenticated requests to the HF Hub. Please set a HF_TOKEN to enable higher rate limits and faster downloads.
Warning: You are sending unauthenticated requests to the HF Hub. Please set a HF_TOKEN to enable higher rate limits and faster downloads.
Warning: You are sending unauthenticated requests to the HF Hub. Please set a HF_TOKEN to enable higher rate limits and faster downloads.
Warning: You are sending unauthenticated requests to the HF Hub. Please set a HF_TOKEN to enable higher rate limits and faster downloads.
Warning: You are sending unauthenticated requests to the HF Hub. Please set a HF_TOKEN to enable higher rate limits and faster downloads.
Warning: You are sending unauthenticated requests to the HF Hub. Please set a HF_TOKEN to enable higher rate limits and faster downloads.
Warning: You are sending unauthenticated requests to the HF Hub. Please set a HF_TOKEN to enable higher rate limits and faster downloads.
Warning: You are sending unauthenticated requests to the HF Hub. Please set a HF_TOKEN to enable higher rate limits and faster downloads.
Warning: You are sending unauthenticated requests to the HF Hub. Please set a HF_TOKEN to enable higher rate limits and faster downloads.
Warning: You are sending unauthenticated requests to the HF Hub. Please set a HF_TOKEN to enable higher rate limits and faster downloads.
Warning: You are sending unauthenticated requests to the HF Hub. Please set a HF_TOKEN to enable higher rate limits and faster downloads.
Warning: You are sending unauthenticated requests to the HF Hub. Please set a HF_TOKEN to enable higher rate limits and faster downloads.
Warning: You are sending unauthenticated requests to the HF Hub. Please set a HF_TOKEN to enable higher rate limits and faster downloads.
Warning: You are sending unauthenticated requests to the HF Hub. Please set a HF_TOKEN to enable higher rate limits and faster downloads.
Warning: You are sending unauthenticated requests to the HF Hub. Please set a HF_TOKEN to enable higher rate limits and faster downloads.
Warning: You are sending unauthenticated requests to the HF Hub. Please set a HF_TOKEN to enable higher rate limits and faster downloads.
Warning: You are sending unauthenticated requests to the HF Hub. Please set a HF_TOKEN to enable higher rate limits and faster downloads.
Warning: You are sending unauthenticated requests to the HF Hub. Please set a HF_TOKEN to enable higher rate limits and faster downloads.
Warning: You are sending unauthenticated requests to the HF Hub. Please set a HF_TOKEN to enable higher rate limits and faster downloads.
Warning: You are sending unauthenticated requests to the HF Hub. Please set a HF_TOKEN to enable higher rate limits and faster downloads.
Warning: You are sending unauthenticated requests to the HF Hub. Please set a HF_TOKEN to enable higher rate limits and faster downloads.
Warning: You are sending unauthenticated requests to the HF Hub. Please set a HF_TOKEN to enable higher rate limits and faster downloads.
Warning: You are sending unauthenticated requests to the HF Hub. Please set a HF_TOKEN to enable higher rate limits and faster downloads.
Warning: You are sending unauthenticated requests to the HF Hub. Please set a HF_TOKEN to enable higher rate limits and faster downloads.
Warning: You are sending unauthenticated requests to the HF Hub. Please set a HF_TOKEN to enable higher rate limits and faster downloads.
Warning: You are sending unauthenticated requests to the HF Hub. Please set a HF_TOKEN to enable higher rate limits and faster downloads.
Warning: You are sending unauthenticated requests to the HF Hub. Please set a HF_TOKEN to enable higher rate limits and faster downloads.
Warning: You are sending unauthenticated requests to the HF Hub. Please set a HF_TOKEN to enable higher rate limits and faster downloads.
Warning: You are sending unauthenticated requests to the HF Hub. Please set a HF_TOKEN to enable higher rate limits and faster downloads.
Warning: You are sending unauthenticated requests to the HF Hub. Please set a HF_TOKEN to enable higher rate limits and faster downloads.
Warning: You are sending unauthenticated requests to the HF Hub. Please set a HF_TOKEN to enable higher rate limits and faster downloads.
Warning: You are sending unauthenticated requests to the HF Hub. Please set a HF_TOKEN to enable higher rate limits and faster downloads.
Warning: You are sending unauthenticated requests to the HF Hub. Please set a HF_TOKEN to enable higher rate limits and faster downloads.
Warning: You are sending unauthenticated requests to the HF Hub. Please set a HF_TOKEN to enable higher rate limits and faster downloads.
Warning: You are sending unauthenticated requests to the HF Hub. Please set a HF_TOKEN to enable higher rate limits and faster downloads.
Warning: You are sending unauthenticated requests to the HF Hub. Please set a HF_TOKEN to enable higher rate limits and faster downloads.
Warning: You are sending unauthenticated requests to the HF Hub. Please set a HF_TOKEN to enable higher rate limits and faster downloads.
Warning: You are sending unauthenticated requests to the HF Hub. Please set a HF_TOKEN to enable higher rate limits and faster downloads.
Warning: You are sending unauthenticated requests to the HF Hub. Please set a HF_TOKEN to enable higher rate limits and faster downloads.
Warning: You are sending unauthenticated requests to the HF Hub. Please set a HF_TOKEN to enable higher rate limits and faster downloads.
Warning: You are sending unauthenticated requests to the HF Hub. Please set a HF_TOKEN to enable higher rate limits and faster downloads.
Warning: You are sending unauthenticated requests to the HF Hub. Please set a HF_TOKEN to enable higher rate limits and faster downloads.
Warning: You are sending unauthenticated requests to the HF Hub. Please set a HF_TOKEN to enable higher rate limits and faster downloads.
Reinitializing model weights...
[rank0]:[W331 08:13:58.019698427 Utils.hpp:110] Warning: Environment variable NCCL_BLOCKING_WAIT is deprecated; use TORCH_NCCL_BLOCKING_WAIT instead (function operator())
Total parameters: 314,255,616
Trainable parameters: 314,255,616

Loading token dataset: /capstor/store/cscs/pasc/c39/swiss-ai/test/data/train/
[Rank 0] Loading data from: /capstor/store/cscs/pasc/c39/swiss-ai/test/data/train/
[Rank 0] Discovered 400 data files
[rank5]:[W331 08:13:59.958817274 Utils.hpp:110] Warning: Environment variable NCCL_BLOCKING_WAIT is deprecated; use TORCH_NCCL_BLOCKING_WAIT instead (function operator())
[Rank 5] Loading data from: /capstor/store/cscs/pasc/c39/swiss-ai/test/data/train/
[rank13]:[W331 08:13:59.509498795 Utils.hpp:110] Warning: Environment variable NCCL_BLOCKING_WAIT is deprecated; use TORCH_NCCL_BLOCKING_WAIT instead (function operator())
[rank15]:[W331 08:13:59.509889375 Utils.hpp:110] Warning: Environment variable NCCL_BLOCKING_WAIT is deprecated; use TORCH_NCCL_BLOCKING_WAIT instead (function operator())
[rank14]:[W331 08:13:59.509906366 Utils.hpp:110] Warning: Environment variable NCCL_BLOCKING_WAIT is deprecated; use TORCH_NCCL_BLOCKING_WAIT instead (function operator())
[Rank 13] Loading data from: /capstor/store/cscs/pasc/c39/swiss-ai/test/data/train/
[rank12]:[W331 08:13:59.510231028 Utils.hpp:110] Warning: Environment variable NCCL_BLOCKING_WAIT is deprecated; use TORCH_NCCL_BLOCKING_WAIT instead (function operator())
[Rank 15] Loading data from: /capstor/store/cscs/pasc/c39/swiss-ai/test/data/train/
[Rank 14] Loading data from: /capstor/store/cscs/pasc/c39/swiss-ai/test/data/train/
[Rank 12] Loading data from: /capstor/store/cscs/pasc/c39/swiss-ai/test/data/train/
[rank4]:[W331 08:13:59.962620422 Utils.hpp:110] Warning: Environment variable NCCL_BLOCKING_WAIT is deprecated; use TORCH_NCCL_BLOCKING_WAIT instead (function operator())
[rank7]:[W331 08:13:59.962653093 Utils.hpp:110] Warning: Environment variable NCCL_BLOCKING_WAIT is deprecated; use TORCH_NCCL_BLOCKING_WAIT instead (function operator())
[rank6]:[W331 08:13:59.962666693 Utils.hpp:110] Warning: Environment variable NCCL_BLOCKING_WAIT is deprecated; use TORCH_NCCL_BLOCKING_WAIT instead (function operator())
[Rank 4] Loading data from: /capstor/store/cscs/pasc/c39/swiss-ai/test/data/train/
[Rank 7] Loading data from: /capstor/store/cscs/pasc/c39/swiss-ai/test/data/train/[Rank 6] Loading data from: /capstor/store/cscs/pasc/c39/swiss-ai/test/data/train/

[rank16]:[W331 08:13:59.967272677 Utils.hpp:110] Warning: Environment variable NCCL_BLOCKING_WAIT is deprecated; use TORCH_NCCL_BLOCKING_WAIT instead (function operator())
[rank9]:[W331 08:13:59.717670472 Utils.hpp:110] Warning: Environment variable NCCL_BLOCKING_WAIT is deprecated; use TORCH_NCCL_BLOCKING_WAIT instead (function operator())
[Rank 16] Loading data from: /capstor/store/cscs/pasc/c39/swiss-ai/test/data/train/
[rank18]:[W331 08:13:59.967992875 Utils.hpp:110] Warning: Environment variable NCCL_BLOCKING_WAIT is deprecated; use TORCH_NCCL_BLOCKING_WAIT instead (function operator())
[rank19]:[W331 08:13:59.967994603 Utils.hpp:110] Warning: Environment variable NCCL_BLOCKING_WAIT is deprecated; use TORCH_NCCL_BLOCKING_WAIT instead (function operator())
[rank8]:[W331 08:13:59.718204314 Utils.hpp:110] Warning: Environment variable NCCL_BLOCKING_WAIT is deprecated; use TORCH_NCCL_BLOCKING_WAIT instead (function operator())
[Rank 9] Loading data from: /capstor/store/cscs/pasc/c39/swiss-ai/test/data/train/
[rank17]:[W331 08:13:59.968162501 Utils.hpp:110] Warning: Environment variable NCCL_BLOCKING_WAIT is deprecated; use TORCH_NCCL_BLOCKING_WAIT instead (function operator())
[rank24]:[W331 08:13:59.969668947 Utils.hpp:110] Warning: Environment variable NCCL_BLOCKING_WAIT is deprecated; use TORCH_NCCL_BLOCKING_WAIT instead (function operator())
[rank27]:[W331 08:13:59.969909644 Utils.hpp:110] Warning: Environment variable NCCL_BLOCKING_WAIT is deprecated; use TORCH_NCCL_BLOCKING_WAIT instead (function operator())
[rank26]:[W331 08:13:59.969942700 Utils.hpp:110] Warning: Environment variable NCCL_BLOCKING_WAIT is deprecated; use TORCH_NCCL_BLOCKING_WAIT instead (function operator())
[rank11]:[W331 08:13:59.718678669 Utils.hpp:110] Warning: Environment variable NCCL_BLOCKING_WAIT is deprecated; use TORCH_NCCL_BLOCKING_WAIT instead (function operator())
[rank10]:[W331 08:13:59.718725451 Utils.hpp:110] Warning: Environment variable NCCL_BLOCKING_WAIT is deprecated; use TORCH_NCCL_BLOCKING_WAIT instead (function operator())
[rank25]:[W331 08:13:59.970057736 Utils.hpp:110] Warning: Environment variable NCCL_BLOCKING_WAIT is deprecated; use TORCH_NCCL_BLOCKING_WAIT instead (function operator())
[Rank 19] Loading data from: /capstor/store/cscs/pasc/c39/swiss-ai/test/data/train/
[Rank 8] Loading data from: /capstor/store/cscs/pasc/c39/swiss-ai/test/data/train/
[Rank 18] Loading data from: /capstor/store/cscs/pasc/c39/swiss-ai/test/data/train/
[Rank 17] Loading data from: /capstor/store/cscs/pasc/c39/swiss-ai/test/data/train/
[Rank 24] Loading data from: /capstor/store/cscs/pasc/c39/swiss-ai/test/data/train/
[Rank 27] Loading data from: /capstor/store/cscs/pasc/c39/swiss-ai/test/data/train/
[Rank 26] Loading data from: /capstor/store/cscs/pasc/c39/swiss-ai/test/data/train/
[Rank 11] Loading data from: /capstor/store/cscs/pasc/c39/swiss-ai/test/data/train/
[Rank 10] Loading data from: /capstor/store/cscs/pasc/c39/swiss-ai/test/data/train/
[Rank 25] Loading data from: /capstor/store/cscs/pasc/c39/swiss-ai/test/data/train/
[rank22]:[W331 08:13:59.590265960 Utils.hpp:110] Warning: Environment variable NCCL_BLOCKING_WAIT is deprecated; use TORCH_NCCL_BLOCKING_WAIT instead (function operator())
[Rank 22] Loading data from: /capstor/store/cscs/pasc/c39/swiss-ai/test/data/train/
[rank20]:[W331 08:13:59.590799672 Utils.hpp:110] Warning: Environment variable NCCL_BLOCKING_WAIT is deprecated; use TORCH_NCCL_BLOCKING_WAIT instead (function operator())
[rank21]:[W331 08:13:59.590834934 Utils.hpp:110] Warning: Environment variable NCCL_BLOCKING_WAIT is deprecated; use TORCH_NCCL_BLOCKING_WAIT instead (function operator())
[rank23]:[W331 08:13:59.591224010 Utils.hpp:110] Warning: Environment variable NCCL_BLOCKING_WAIT is deprecated; use TORCH_NCCL_BLOCKING_WAIT instead (function operator())
[rank30]:[W331 08:13:59.295175442 Utils.hpp:110] Warning: Environment variable NCCL_BLOCKING_WAIT is deprecated; use TORCH_NCCL_BLOCKING_WAIT instead (function operator())
[Rank 20] Loading data from: /capstor/store/cscs/pasc/c39/swiss-ai/test/data/train/
[Rank 21] Loading data from: /capstor/store/cscs/pasc/c39/swiss-ai/test/data/train/
[Rank 23] Loading data from: /capstor/store/cscs/pasc/c39/swiss-ai/test/data/train/
[Rank 30] Loading data from: /capstor/store/cscs/pasc/c39/swiss-ai/test/data/train/
[Rank 6] Discovered 400 data files
[Rank 5] Discovered 400 data files[Rank 7] Discovered 400 data files

[Rank 4] Discovered 400 data files
[Rank 13] Discovered 400 data files
[Rank 15] Discovered 400 data files
[Rank 14] Discovered 400 data files
[Rank 12] Discovered 400 data files
[rank32]:[W331 08:13:59.516302278 Utils.hpp:110] Warning: Environment variable NCCL_BLOCKING_WAIT is deprecated; use TORCH_NCCL_BLOCKING_WAIT instead (function operator())
[rank33]:[W331 08:13:59.516299367 Utils.hpp:110] Warning: Environment variable NCCL_BLOCKING_WAIT is deprecated; use TORCH_NCCL_BLOCKING_WAIT instead (function operator())
[Rank 19] Discovered 400 data files
[Rank 11] Discovered 400 data files
[rank35]:[W331 08:13:59.516604638 Utils.hpp:110] Warning: Environment variable NCCL_BLOCKING_WAIT is deprecated; use TORCH_NCCL_BLOCKING_WAIT instead (function operator())
[rank34]:[W331 08:13:59.516606686 Utils.hpp:110] Warning: Environment variable NCCL_BLOCKING_WAIT is deprecated; use TORCH_NCCL_BLOCKING_WAIT instead (function operator())
[Rank 16] Discovered 400 data files
[Rank 17] Discovered 400 data files
[Rank 18] Discovered 400 data files
[Rank 32] Loading data from: /capstor/store/cscs/pasc/c39/swiss-ai/test/data/train/[Rank 33] Loading data from: /capstor/store/cscs/pasc/c39/swiss-ai/test/data/train/

[Rank 9] Discovered 400 data files
[Rank 8] Discovered 400 data files
[Rank 10] Discovered 400 data files
[Rank 34] Loading data from: /capstor/store/cscs/pasc/c39/swiss-ai/test/data/train/[Rank 35] Loading data from: /capstor/store/cscs/pasc/c39/swiss-ai/test/data/train/

[rank3]:[W331 08:13:59.154076834 Utils.hpp:110] Warning: Environment variable NCCL_BLOCKING_WAIT is deprecated; use TORCH_NCCL_BLOCKING_WAIT instead (function operator())
[rank28]:[W331 08:13:59.305558484 Utils.hpp:110] Warning: Environment variable NCCL_BLOCKING_WAIT is deprecated; use TORCH_NCCL_BLOCKING_WAIT instead (function operator())
[rank29]:[W331 08:13:59.305570292 Utils.hpp:110] Warning: Environment variable NCCL_BLOCKING_WAIT is deprecated; use TORCH_NCCL_BLOCKING_WAIT instead (function operator())
[rank31]:[W331 08:13:59.305727599 Utils.hpp:110] Warning: Environment variable NCCL_BLOCKING_WAIT is deprecated; use TORCH_NCCL_BLOCKING_WAIT instead (function operator())
[Rank 3] Loading data from: /capstor/store/cscs/pasc/c39/swiss-ai/test/data/train/
[Rank 28] Loading data from: /capstor/store/cscs/pasc/c39/swiss-ai/test/data/train/
[Rank 29] Loading data from: /capstor/store/cscs/pasc/c39/swiss-ai/test/data/train/
[Rank 31] Loading data from: /capstor/store/cscs/pasc/c39/swiss-ai/test/data/train/
[Rank 25] Discovered 400 data files
[Rank 27] Discovered 400 data files
[Rank 24] Discovered 400 data files
[Rank 26] Discovered 400 data files
[Rank 23] Discovered 400 data files
[Rank 3] Discovered 400 data files
[Rank 30] Discovered 400 data files
[Rank 20] Discovered 400 data files
[Rank 21] Discovered 400 data files
[Rank 22] Discovered 400 data files
[Rank 31] Discovered 400 data files[Rank 28] Discovered 400 data files[Rank 29] Discovered 400 data files


[rank43]:[W331 08:13:59.934257185 Utils.hpp:110] Warning: Environment variable NCCL_BLOCKING_WAIT is deprecated; use TORCH_NCCL_BLOCKING_WAIT instead (function operator())
[Rank 43] Loading data from: /capstor/store/cscs/pasc/c39/swiss-ai/test/data/train/
[rank42]:[W331 08:13:59.935312035 Utils.hpp:110] Warning: Environment variable NCCL_BLOCKING_WAIT is deprecated; use TORCH_NCCL_BLOCKING_WAIT instead (function operator())
[rank41]:[W331 08:13:59.935694872 Utils.hpp:110] Warning: Environment variable NCCL_BLOCKING_WAIT is deprecated; use TORCH_NCCL_BLOCKING_WAIT instead (function operator())
[Rank 42] Loading data from: /capstor/store/cscs/pasc/c39/swiss-ai/test/data/train/
[rank40]:[W331 08:13:59.936151339 Utils.hpp:110] Warning: Environment variable NCCL_BLOCKING_WAIT is deprecated; use TORCH_NCCL_BLOCKING_WAIT instead (function operator())
[Rank 41] Loading data from: /capstor/store/cscs/pasc/c39/swiss-ai/test/data/train/
[Rank 40] Loading data from: /capstor/store/cscs/pasc/c39/swiss-ai/test/data/train/
[rank37]:[W331 08:13:59.744382636 Utils.hpp:110] Warning: Environment variable NCCL_BLOCKING_WAIT is deprecated; use TORCH_NCCL_BLOCKING_WAIT instead (function operator())
[rank38]:[W331 08:13:59.744429802 Utils.hpp:110] Warning: Environment variable NCCL_BLOCKING_WAIT is deprecated; use TORCH_NCCL_BLOCKING_WAIT instead (function operator())
[rank39]:[W331 08:13:59.744457386 Utils.hpp:110] Warning: Environment variable NCCL_BLOCKING_WAIT is deprecated; use TORCH_NCCL_BLOCKING_WAIT instead (function operator())
[rank36]:[W331 08:13:59.744597286 Utils.hpp:110] Warning: Environment variable NCCL_BLOCKING_WAIT is deprecated; use TORCH_NCCL_BLOCKING_WAIT instead (function operator())
[Rank 37] Loading data from: /capstor/store/cscs/pasc/c39/swiss-ai/test/data/train/[Rank 38] Loading data from: /capstor/store/cscs/pasc/c39/swiss-ai/test/data/train/

[Rank 39] Loading data from: /capstor/store/cscs/pasc/c39/swiss-ai/test/data/train/
[Rank 36] Loading data from: /capstor/store/cscs/pasc/c39/swiss-ai/test/data/train/
[Rank 33] Discovered 400 data files
[Rank 32] Discovered 400 data files
[rank45]:[W331 08:13:59.978945254 Utils.hpp:110] Warning: Environment variable NCCL_BLOCKING_WAIT is deprecated; use TORCH_NCCL_BLOCKING_WAIT instead (function operator())
[Rank 35] Discovered 400 data files
[Rank 34] Discovered 400 data files
[rank44]:[W331 08:13:59.978978405 Utils.hpp:110] Warning: Environment variable NCCL_BLOCKING_WAIT is deprecated; use TORCH_NCCL_BLOCKING_WAIT instead (function operator())
[rank47]:[W331 08:13:59.979341850 Utils.hpp:110] Warning: Environment variable NCCL_BLOCKING_WAIT is deprecated; use TORCH_NCCL_BLOCKING_WAIT instead (function operator())
[rank46]:[W331 08:13:59.979352410 Utils.hpp:110] Warning: Environment variable NCCL_BLOCKING_WAIT is deprecated; use TORCH_NCCL_BLOCKING_WAIT instead (function operator())
[Rank 45] Loading data from: /capstor/store/cscs/pasc/c39/swiss-ai/test/data/train/
[Rank 44] Loading data from: /capstor/store/cscs/pasc/c39/swiss-ai/test/data/train/
[Rank 46] Loading data from: /capstor/store/cscs/pasc/c39/swiss-ai/test/data/train/
[Rank 47] Loading data from: /capstor/store/cscs/pasc/c39/swiss-ai/test/data/train/
[rank48]:[W331 08:13:59.183731200 Utils.hpp:110] Warning: Environment variable NCCL_BLOCKING_WAIT is deprecated; use TORCH_NCCL_BLOCKING_WAIT instead (function operator())
[rank49]:[W331 08:13:59.183742815 Utils.hpp:110] Warning: Environment variable NCCL_BLOCKING_WAIT is deprecated; use TORCH_NCCL_BLOCKING_WAIT instead (function operator())
[rank50]:[W331 08:13:59.184123349 Utils.hpp:110] Warning: Environment variable NCCL_BLOCKING_WAIT is deprecated; use TORCH_NCCL_BLOCKING_WAIT instead (function operator())
[rank51]:[W331 08:13:59.184144244 Utils.hpp:110] Warning: Environment variable NCCL_BLOCKING_WAIT is deprecated; use TORCH_NCCL_BLOCKING_WAIT instead (function operator())
[Rank 48] Loading data from: /capstor/store/cscs/pasc/c39/swiss-ai/test/data/train/
[Rank 49] Loading data from: /capstor/store/cscs/pasc/c39/swiss-ai/test/data/train/
[Rank 50] Loading data from: /capstor/store/cscs/pasc/c39/swiss-ai/test/data/train/[Rank 51] Loading data from: /capstor/store/cscs/pasc/c39/swiss-ai/test/data/train/

[Rank 40] Discovered 400 data files
[Rank 42] Discovered 400 data files
[Rank 43] Discovered 400 data files
[Rank 41] Discovered 400 data files
[rank62]:[W331 08:13:59.520427017 Utils.hpp:110] Warning: Environment variable NCCL_BLOCKING_WAIT is deprecated; use TORCH_NCCL_BLOCKING_WAIT instead (function operator())
[Rank 62] Loading data from: /capstor/store/cscs/pasc/c39/swiss-ai/test/data/train/
[rank61]:[W331 08:13:59.522525452 Utils.hpp:110] Warning: Environment variable NCCL_BLOCKING_WAIT is deprecated; use TORCH_NCCL_BLOCKING_WAIT instead (function operator())
[rank63]:[W331 08:13:59.522775525 Utils.hpp:110] Warning: Environment variable NCCL_BLOCKING_WAIT is deprecated; use TORCH_NCCL_BLOCKING_WAIT instead (function operator())
[rank53]:[W331 08:13:59.370351406 Utils.hpp:110] Warning: Environment variable NCCL_BLOCKING_WAIT is deprecated; use TORCH_NCCL_BLOCKING_WAIT instead (function operator())
[Rank 61] Loading data from: /capstor/store/cscs/pasc/c39/swiss-ai/test/data/train/
[rank52]:[W331 08:13:59.370589672 Utils.hpp:110] Warning: Environment variable NCCL_BLOCKING_WAIT is deprecated; use TORCH_NCCL_BLOCKING_WAIT instead (function operator())
[rank60]:[W331 08:13:59.523286294 Utils.hpp:110] Warning: Environment variable NCCL_BLOCKING_WAIT is deprecated; use TORCH_NCCL_BLOCKING_WAIT instead (function operator())
[Rank 63] Loading data from: /capstor/store/cscs/pasc/c39/swiss-ai/test/data/train/
[Rank 53] Loading data from: /capstor/store/cscs/pasc/c39/swiss-ai/test/data/train/
[rank74]:[W331 08:13:59.109542822 Utils.hpp:110] Warning: Environment variable NCCL_BLOCKING_WAIT is deprecated; use TORCH_NCCL_BLOCKING_WAIT instead (function operator())
[Rank 52] Loading data from: /capstor/store/cscs/pasc/c39/swiss-ai/test/data/train/
[rank75]:[W331 08:13:59.109896220 Utils.hpp:110] Warning: Environment variable NCCL_BLOCKING_WAIT is deprecated; use TORCH_NCCL_BLOCKING_WAIT instead (function operator())
[Rank 60] Loading data from: /capstor/store/cscs/pasc/c39/swiss-ai/test/data/train/
[rank72]:[W331 08:13:59.109968377 Utils.hpp:110] Warning: Environment variable NCCL_BLOCKING_WAIT is deprecated; use TORCH_NCCL_BLOCKING_WAIT instead (function operator())
[rank73]:[W331 08:13:59.109972089 Utils.hpp:110] Warning: Environment variable NCCL_BLOCKING_WAIT is deprecated; use TORCH_NCCL_BLOCKING_WAIT instead (function operator())
[rank55]:[W331 08:13:59.371400883 Utils.hpp:110] Warning: Environment variable NCCL_BLOCKING_WAIT is deprecated; use TORCH_NCCL_BLOCKING_WAIT instead (function operator())
[rank54]:[W331 08:13:59.371404211 Utils.hpp:110] Warning: Environment variable NCCL_BLOCKING_WAIT is deprecated; use TORCH_NCCL_BLOCKING_WAIT instead (function operator())
[Rank 74] Loading data from: /capstor/store/cscs/pasc/c39/swiss-ai/test/data/train/
[Rank 75] Loading data from: /capstor/store/cscs/pasc/c39/swiss-ai/test/data/train/
[Rank 72] Loading data from: /capstor/store/cscs/pasc/c39/swiss-ai/test/data/train/
[Rank 73] Loading data from: /capstor/store/cscs/pasc/c39/swiss-ai/test/data/train/
[Rank 54] Loading data from: /capstor/store/cscs/pasc/c39/swiss-ai/test/data/train/
[Rank 55] Loading data from: /capstor/store/cscs/pasc/c39/swiss-ai/test/data/train/
[Rank 38] Discovered 400 data files
[Rank 37] Discovered 400 data files[Rank 39] Discovered 400 data files[Rank 36] Discovered 400 data files


[Rank 47] Discovered 400 data files
[Rank 44] Discovered 400 data files
[Rank 46] Discovered 400 data files
[Rank 45] Discovered 400 data files
[rank78]:[W331 08:13:59.769249436 Utils.hpp:110] Warning: Environment variable NCCL_BLOCKING_WAIT is deprecated; use TORCH_NCCL_BLOCKING_WAIT instead (function operator())
[rank79]:[W331 08:13:59.769261180 Utils.hpp:110] Warning: Environment variable NCCL_BLOCKING_WAIT is deprecated; use TORCH_NCCL_BLOCKING_WAIT instead (function operator())
[rank76]:[W331 08:13:59.769372697 Utils.hpp:110] Warning: Environment variable NCCL_BLOCKING_WAIT is deprecated; use TORCH_NCCL_BLOCKING_WAIT instead (function operator())
[rank96]:[W331 08:13:59.053619944 Utils.hpp:110] Warning: Environment variable NCCL_BLOCKING_WAIT is deprecated; use TORCH_NCCL_BLOCKING_WAIT instead (function operator())
[rank77]:[W331 08:13:59.769504629 Utils.hpp:110] Warning: Environment variable NCCL_BLOCKING_WAIT is deprecated; use TORCH_NCCL_BLOCKING_WAIT instead (function operator())
[rank98]:[W331 08:13:59.053963517 Utils.hpp:110] Warning: Environment variable NCCL_BLOCKING_WAIT is deprecated; use TORCH_NCCL_BLOCKING_WAIT instead (function operator())
[Rank 78] Loading data from: /capstor/store/cscs/pasc/c39/swiss-ai/test/data/train/
[rank99]:[W331 08:13:59.054011932 Utils.hpp:110] Warning: Environment variable NCCL_BLOCKING_WAIT is deprecated; use TORCH_NCCL_BLOCKING_WAIT instead (function operator())
[Rank 79] Loading data from: /capstor/store/cscs/pasc/c39/swiss-ai/test/data/train/
[Rank 76] Loading data from: /capstor/store/cscs/pasc/c39/swiss-ai/test/data/train/
[Rank 96] Loading data from: /capstor/store/cscs/pasc/c39/swiss-ai/test/data/train/
[rank97]:[W331 08:13:59.054220469 Utils.hpp:110] Warning: Environment variable NCCL_BLOCKING_WAIT is deprecated; use TORCH_NCCL_BLOCKING_WAIT instead (function operator())
[Rank 77] Loading data from: /capstor/store/cscs/pasc/c39/swiss-ai/test/data/train/
[rank66]:[W331 08:13:59.466155290 Utils.hpp:110] Warning: Environment variable NCCL_BLOCKING_WAIT is deprecated; use TORCH_NCCL_BLOCKING_WAIT instead (function operator())
[Rank 98] Loading data from: /capstor/store/cscs/pasc/c39/swiss-ai/test/data/train/
[Rank 99] Loading data from: /capstor/store/cscs/pasc/c39/swiss-ai/test/data/train/
[Rank 97] Loading data from: /capstor/store/cscs/pasc/c39/swiss-ai/test/data/train/
[Rank 66] Loading data from: /capstor/store/cscs/pasc/c39/swiss-ai/test/data/train/
[rank65]:[W331 08:13:59.466745768 Utils.hpp:110] Warning: Environment variable NCCL_BLOCKING_WAIT is deprecated; use TORCH_NCCL_BLOCKING_WAIT instead (function operator())
[rank67]:[W331 08:13:59.466806215 Utils.hpp:110] Warning: Environment variable NCCL_BLOCKING_WAIT is deprecated; use TORCH_NCCL_BLOCKING_WAIT instead (function operator())
[rank71]:[W331 08:13:59.640113590 Utils.hpp:110] Warning: Environment variable NCCL_BLOCKING_WAIT is deprecated; use TORCH_NCCL_BLOCKING_WAIT instead (function operator())
[rank68]:[W331 08:13:59.640113686 Utils.hpp:110] Warning: Environment variable NCCL_BLOCKING_WAIT is deprecated; use TORCH_NCCL_BLOCKING_WAIT instead (function operator())
[rank70]:[W331 08:13:59.640144981 Utils.hpp:110] Warning: Environment variable NCCL_BLOCKING_WAIT is deprecated; use TORCH_NCCL_BLOCKING_WAIT instead (function operator())
[rank69]:[W331 08:13:59.640213555 Utils.hpp:110] Warning: Environment variable NCCL_BLOCKING_WAIT is deprecated; use TORCH_NCCL_BLOCKING_WAIT instead (function operator())
[rank64]:[W331 08:13:59.466845829 Utils.hpp:110] Warning: Environment variable NCCL_BLOCKING_WAIT is deprecated; use TORCH_NCCL_BLOCKING_WAIT instead (function operator())
[Rank 68] Loading data from: /capstor/store/cscs/pasc/c39/swiss-ai/test/data/train/[Rank 71] Loading data from: /capstor/store/cscs/pasc/c39/swiss-ai/test/data/train/

[Rank 70] Loading data from: /capstor/store/cscs/pasc/c39/swiss-ai/test/data/train/
[Rank 65] Loading data from: /capstor/store/cscs/pasc/c39/swiss-ai/test/data/train/
[Rank 69] Loading data from: /capstor/store/cscs/pasc/c39/swiss-ai/test/data/train/
[Rank 67] Loading data from: /capstor/store/cscs/pasc/c39/swiss-ai/test/data/train/
[Rank 64] Loading data from: /capstor/store/cscs/pasc/c39/swiss-ai/test/data/train/
[Rank 51] Discovered 400 data files
[Rank 50] Discovered 400 data files[Rank 49] Discovered 400 data files

[Rank 48] Discovered 400 data files
[rank81]:[W331 08:13:59.800102323 Utils.hpp:110] Warning: Environment variable NCCL_BLOCKING_WAIT is deprecated; use TORCH_NCCL_BLOCKING_WAIT instead (function operator())
[rank83]:[W331 08:13:59.800461896 Utils.hpp:110] Warning: Environment variable NCCL_BLOCKING_WAIT is deprecated; use TORCH_NCCL_BLOCKING_WAIT instead (function operator())
[Rank 81] Loading data from: /capstor/store/cscs/pasc/c39/swiss-ai/test/data/train/
[rank82]:[W331 08:13:59.800881341 Utils.hpp:110] Warning: Environment variable NCCL_BLOCKING_WAIT is deprecated; use TORCH_NCCL_BLOCKING_WAIT instead (function operator())
[rank80]:[W331 08:13:59.800889596 Utils.hpp:110] Warning: Environment variable NCCL_BLOCKING_WAIT is deprecated; use TORCH_NCCL_BLOCKING_WAIT instead (function operator())
[Rank 83] Loading data from: /capstor/store/cscs/pasc/c39/swiss-ai/test/data/train/
[Rank 82] Loading data from: /capstor/store/cscs/pasc/c39/swiss-ai/test/data/train/
[Rank 80] Loading data from: /capstor/store/cscs/pasc/c39/swiss-ai/test/data/train/
[rank101]:[W331 08:13:59.696526316 Utils.hpp:110] Warning: Environment variable NCCL_BLOCKING_WAIT is deprecated; use TORCH_NCCL_BLOCKING_WAIT instead (function operator())
[rank102]:[W331 08:13:59.696883585 Utils.hpp:110] Warning: Environment variable NCCL_BLOCKING_WAIT is deprecated; use TORCH_NCCL_BLOCKING_WAIT instead (function operator())
[rank90]:[W331 08:13:59.024871124 Utils.hpp:110] Warning: Environment variable NCCL_BLOCKING_WAIT is deprecated; use TORCH_NCCL_BLOCKING_WAIT instead (function operator())
[rank88]:[W331 08:13:59.024871892 Utils.hpp:110] Warning: Environment variable NCCL_BLOCKING_WAIT is deprecated; use TORCH_NCCL_BLOCKING_WAIT instead (function operator())
[Rank 101] Loading data from: /capstor/store/cscs/pasc/c39/swiss-ai/test/data/train/
[rank91]:[W331 08:13:59.025235849 Utils.hpp:110] Warning: Environment variable NCCL_BLOCKING_WAIT is deprecated; use TORCH_NCCL_BLOCKING_WAIT instead (function operator())
[rank103]:[W331 08:13:59.697281493 Utils.hpp:110] Warning: Environment variable NCCL_BLOCKING_WAIT is deprecated; use TORCH_NCCL_BLOCKING_WAIT instead (function operator())
[Rank 88] Loading data from: /capstor/store/cscs/pasc/c39/swiss-ai/test/data/train/[Rank 90] Loading data from: /capstor/store/cscs/pasc/c39/swiss-ai/test/data/train/

[Rank 102] Loading data from: /capstor/store/cscs/pasc/c39/swiss-ai/test/data/train/
[rank100]:[W331 08:13:59.697568269 Utils.hpp:110] Warning: Environment variable NCCL_BLOCKING_WAIT is deprecated; use TORCH_NCCL_BLOCKING_WAIT instead (function operator())
[rank89]:[W331 08:13:59.025689788 Utils.hpp:110] Warning: Environment variable NCCL_BLOCKING_WAIT is deprecated; use TORCH_NCCL_BLOCKING_WAIT instead (function operator())
[Rank 91] Loading data from: /capstor/store/cscs/pasc/c39/swiss-ai/test/data/train/
[Rank 103] Loading data from: /capstor/store/cscs/pasc/c39/swiss-ai/test/data/train/
[Rank 100] Loading data from: /capstor/store/cscs/pasc/c39/swiss-ai/test/data/train/
[Rank 89] Loading data from: /capstor/store/cscs/pasc/c39/swiss-ai/test/data/train/
[rank57]:[W331 08:13:59.942406917 Utils.hpp:110] Warning: Environment variable NCCL_BLOCKING_WAIT is deprecated; use TORCH_NCCL_BLOCKING_WAIT instead (function operator())
[Rank 62] Discovered 400 data files
[Rank 63] Discovered 400 data files
[Rank 61] Discovered 400 data files
[rank58]:[W331 08:13:59.942845304 Utils.hpp:110] Warning: Environment variable NCCL_BLOCKING_WAIT is deprecated; use TORCH_NCCL_BLOCKING_WAIT instead (function operator())
[rank59]:[W331 08:13:59.942854615 Utils.hpp:110] Warning: Environment variable NCCL_BLOCKING_WAIT is deprecated; use TORCH_NCCL_BLOCKING_WAIT instead (function operator())
[rank56]:[W331 08:13:59.942894710 Utils.hpp:110] Warning: Environment variable NCCL_BLOCKING_WAIT is deprecated; use TORCH_NCCL_BLOCKING_WAIT instead (function operator())
[Rank 57] Loading data from: /capstor/store/cscs/pasc/c39/swiss-ai/test/data/train/
[Rank 60] Discovered 400 data files
[Rank 59] Loading data from: /capstor/store/cscs/pasc/c39/swiss-ai/test/data/train/
[rank85]:[W331 08:13:59.889168956 Utils.hpp:110] Warning: Environment variable NCCL_BLOCKING_WAIT is deprecated; use TORCH_NCCL_BLOCKING_WAIT instead (function operator())
[Rank 58] Loading data from: /capstor/store/cscs/pasc/c39/swiss-ai/test/data/train/
[Rank 56] Loading data from: /capstor/store/cscs/pasc/c39/swiss-ai/test/data/train/
[rank86]:[W331 08:13:59.889628047 Utils.hpp:110] Warning: Environment variable NCCL_BLOCKING_WAIT is deprecated; use TORCH_NCCL_BLOCKING_WAIT instead (function operator())
[rank84]:[W331 08:13:59.889767882 Utils.hpp:110] Warning: Environment variable NCCL_BLOCKING_WAIT is deprecated; use TORCH_NCCL_BLOCKING_WAIT instead (function operator())
[Rank 85] Loading data from: /capstor/store/cscs/pasc/c39/swiss-ai/test/data/train/
[rank93]:[W331 08:13:59.738021009 Utils.hpp:110] Warning: Environment variable NCCL_BLOCKING_WAIT is deprecated; use TORCH_NCCL_BLOCKING_WAIT instead (function operator())
[rank87]:[W331 08:13:59.890034147 Utils.hpp:110] Warning: Environment variable NCCL_BLOCKING_WAIT is deprecated; use TORCH_NCCL_BLOCKING_WAIT instead (function operator())
[Rank 86] Loading data from: /capstor/store/cscs/pasc/c39/swiss-ai/test/data/train/
[rank94]:[W331 08:13:59.738325129 Utils.hpp:110] Warning: Environment variable NCCL_BLOCKING_WAIT is deprecated; use TORCH_NCCL_BLOCKING_WAIT instead (function operator())
[Rank 84] Loading data from: /capstor/store/cscs/pasc/c39/swiss-ai/test/data/train/
[rank92]:[W331 08:13:59.738433318 Utils.hpp:110] Warning: Environment variable NCCL_BLOCKING_WAIT is deprecated; use TORCH_NCCL_BLOCKING_WAIT instead (function operator())
[Rank 93] Loading data from: /capstor/store/cscs/pasc/c39/swiss-ai/test/data/train/
[Rank 87] Loading data from: /capstor/store/cscs/pasc/c39/swiss-ai/test/data/train/
[Rank 94] Loading data from: /capstor/store/cscs/pasc/c39/swiss-ai/test/data/train/
[Rank 92] Loading data from: /capstor/store/cscs/pasc/c39/swiss-ai/test/data/train/
[rank95]:[W331 08:13:59.738966680 Utils.hpp:110] Warning: Environment variable NCCL_BLOCKING_WAIT is deprecated; use TORCH_NCCL_BLOCKING_WAIT instead (function operator())
[Rank 95] Loading data from: /capstor/store/cscs/pasc/c39/swiss-ai/test/data/train/
[Rank 72] Discovered 400 data files
[Rank 55] Discovered 400 data files
[Rank 74] Discovered 400 data files
[Rank 75] Discovered 400 data files
[Rank 73] Discovered 400 data files
[Rank 52] Discovered 400 data files[Rank 53] Discovered 400 data files

[Rank 54] Discovered 400 data files
[Rank 99] Discovered 400 data files
[Rank 71] Discovered 400 data files
[Rank 78] Discovered 400 data files
[Rank 76] Discovered 400 data files
[Rank 79] Discovered 400 data files
[Rank 96] Discovered 400 data files
[Rank 68] Discovered 400 data files
[Rank 97] Discovered 400 data files
[Rank 69] Discovered 400 data files
[Rank 70] Discovered 400 data files
[Rank 83] Discovered 400 data files
[Rank 77] Discovered 400 data files
[rank114]:[W331 08:13:59.405390072 Utils.hpp:110] Warning: Environment variable NCCL_BLOCKING_WAIT is deprecated; use TORCH_NCCL_BLOCKING_WAIT instead (function operator())
[Rank 82] Discovered 400 data files
[Rank 80] Discovered 400 data files
[Rank 81] Discovered 400 data files
[Rank 66] Discovered 400 data files
[rank112]:[W331 08:13:59.405680848 Utils.hpp:110] Warning: Environment variable NCCL_BLOCKING_WAIT is deprecated; use TORCH_NCCL_BLOCKING_WAIT instead (function operator())
[rank113]:[W331 08:13:59.405685072 Utils.hpp:110] Warning: Environment variable NCCL_BLOCKING_WAIT is deprecated; use TORCH_NCCL_BLOCKING_WAIT instead (function operator())
[Rank 98] Discovered 400 data files
[rank115]:[W331 08:13:59.405738862 Utils.hpp:110] Warning: Environment variable NCCL_BLOCKING_WAIT is deprecated; use TORCH_NCCL_BLOCKING_WAIT instead (function operator())
[Rank 114] Loading data from: /capstor/store/cscs/pasc/c39/swiss-ai/test/data/train/
[Rank 112] Loading data from: /capstor/store/cscs/pasc/c39/swiss-ai/test/data/train/
[Rank 113] Loading data from: /capstor/store/cscs/pasc/c39/swiss-ai/test/data/train/
[Rank 64] Discovered 400 data files
[Rank 67] Discovered 400 data files
[Rank 65] Discovered 400 data files
[Rank 115] Loading data from: /capstor/store/cscs/pasc/c39/swiss-ai/test/data/train/
[rank2]:[W331 08:13:59.205014927 Utils.hpp:110] Warning: Environment variable NCCL_BLOCKING_WAIT is deprecated; use TORCH_NCCL_BLOCKING_WAIT instead (function operator())
[Rank 101] Discovered 400 data files
[Rank 2] Loading data from: /capstor/store/cscs/pasc/c39/swiss-ai/test/data/train/
[Rank 102] Discovered 400 data files
[Rank 100] Discovered 400 data files
[Rank 103] Discovered 400 data files
[Rank 89] Discovered 400 data files
[Rank 91] Discovered 400 data files[Rank 88] Discovered 400 data files

[Rank 90] Discovered 400 data files
[Rank 58] Discovered 400 data files
[rank109]:[W331 08:13:59.610923273 Utils.hpp:110] Warning: Environment variable NCCL_BLOCKING_WAIT is deprecated; use TORCH_NCCL_BLOCKING_WAIT instead (function operator())
[Rank 59] Discovered 400 data files
[Rank 56] Discovered 400 data files
[Rank 57] Discovered 400 data files
[Rank 109] Loading data from: /capstor/store/cscs/pasc/c39/swiss-ai/test/data/train/
[Rank 2] Discovered 400 data files
[rank127]:[W331 08:13:59.403441861 Utils.hpp:110] Warning: Environment variable NCCL_BLOCKING_WAIT is deprecated; use TORCH_NCCL_BLOCKING_WAIT instead (function operator())
[rank124]:[W331 08:13:59.403869655 Utils.hpp:110] Warning: Environment variable NCCL_BLOCKING_WAIT is deprecated; use TORCH_NCCL_BLOCKING_WAIT instead (function operator())
[Rank 127] Loading data from: /capstor/store/cscs/pasc/c39/swiss-ai/test/data/train/
[Rank 85] Discovered 400 data files
[rank123]:[W331 08:13:59.180749010 Utils.hpp:110] Warning: Environment variable NCCL_BLOCKING_WAIT is deprecated; use TORCH_NCCL_BLOCKING_WAIT instead (function operator())
[rank126]:[W331 08:13:59.404364774 Utils.hpp:110] Warning: Environment variable NCCL_BLOCKING_WAIT is deprecated; use TORCH_NCCL_BLOCKING_WAIT instead (function operator())
[Rank 124] Loading data from: /capstor/store/cscs/pasc/c39/swiss-ai/test/data/train/
[rank116]:[W331 08:13:59.645711146 Utils.hpp:110] Warning: Environment variable NCCL_BLOCKING_WAIT is deprecated; use TORCH_NCCL_BLOCKING_WAIT instead (function operator())
[rank119]:[W331 08:13:59.645712361 Utils.hpp:110] Warning: Environment variable NCCL_BLOCKING_WAIT is deprecated; use TORCH_NCCL_BLOCKING_WAIT instead (function operator())
[rank118]:[W331 08:13:59.645761256 Utils.hpp:110] Warning: Environment variable NCCL_BLOCKING_WAIT is deprecated; use TORCH_NCCL_BLOCKING_WAIT instead (function operator())
[rank120]:[W331 08:13:59.180992040 Utils.hpp:110] Warning: Environment variable NCCL_BLOCKING_WAIT is deprecated; use TORCH_NCCL_BLOCKING_WAIT instead (function operator())
[rank121]:[W331 08:13:59.181099844 Utils.hpp:110] Warning: Environment variable NCCL_BLOCKING_WAIT is deprecated; use TORCH_NCCL_BLOCKING_WAIT instead (function operator())
[rank122]:[W331 08:13:59.181186144 Utils.hpp:110] Warning: Environment variable NCCL_BLOCKING_WAIT is deprecated; use TORCH_NCCL_BLOCKING_WAIT instead (function operator())
[rank125]:[W331 08:13:59.404711322 Utils.hpp:110] Warning: Environment variable NCCL_BLOCKING_WAIT is deprecated; use TORCH_NCCL_BLOCKING_WAIT instead (function operator())
[rank108]:[W331 08:13:59.614094927 Utils.hpp:110] Warning: Environment variable NCCL_BLOCKING_WAIT is deprecated; use TORCH_NCCL_BLOCKING_WAIT instead (function operator())
[Rank 123] Loading data from: /capstor/store/cscs/pasc/c39/swiss-ai/test/data/train/
[rank111]:[W331 08:13:59.614168205 Utils.hpp:110] Warning: Environment variable NCCL_BLOCKING_WAIT is deprecated; use TORCH_NCCL_BLOCKING_WAIT instead (function operator())
[Rank 119] Loading data from: /capstor/store/cscs/pasc/c39/swiss-ai/test/data/train/[Rank 116] Loading data from: /capstor/store/cscs/pasc/c39/swiss-ai/test/data/train/

[Rank 118] Loading data from: /capstor/store/cscs/pasc/c39/swiss-ai/test/data/train/
[Rank 126] Loading data from: /capstor/store/cscs/pasc/c39/swiss-ai/test/data/train/
[rank117]:[W331 08:13:59.646315895 Utils.hpp:110] Warning: Environment variable NCCL_BLOCKING_WAIT is deprecated; use TORCH_NCCL_BLOCKING_WAIT instead (function operator())
[rank110]:[W331 08:13:59.614314697 Utils.hpp:110] Warning: Environment variable NCCL_BLOCKING_WAIT is deprecated; use TORCH_NCCL_BLOCKING_WAIT instead (function operator())
[Rank 120] Loading data from: /capstor/store/cscs/pasc/c39/swiss-ai/test/data/train/
[Rank 94] Discovered 400 data files
[Rank 86] Discovered 400 data files
[Rank 121] Loading data from: /capstor/store/cscs/pasc/c39/swiss-ai/test/data/train/
[Rank 84] Discovered 400 data files
[Rank 93] Discovered 400 data files
[Rank 122] Loading data from: /capstor/store/cscs/pasc/c39/swiss-ai/test/data/train/
[Rank 87] Discovered 400 data files
[Rank 125] Loading data from: /capstor/store/cscs/pasc/c39/swiss-ai/test/data/train/
[Rank 108] Loading data from: /capstor/store/cscs/pasc/c39/swiss-ai/test/data/train/
[Rank 111] Loading data from: /capstor/store/cscs/pasc/c39/swiss-ai/test/data/train/
[Rank 92] Discovered 400 data files
[Rank 110] Loading data from: /capstor/store/cscs/pasc/c39/swiss-ai/test/data/train/
[Rank 117] Loading data from: /capstor/store/cscs/pasc/c39/swiss-ai/test/data/train/
[Rank 95] Discovered 400 data files
[rank105]:[W331 08:13:59.363383073 Utils.hpp:110] Warning: Environment variable NCCL_BLOCKING_WAIT is deprecated; use TORCH_NCCL_BLOCKING_WAIT instead (function operator())
[Rank 105] Loading data from: /capstor/store/cscs/pasc/c39/swiss-ai/test/data/train/
[rank104]:[W331 08:13:59.364438142 Utils.hpp:110] Warning: Environment variable NCCL_BLOCKING_WAIT is deprecated; use TORCH_NCCL_BLOCKING_WAIT instead (function operator())
[rank107]:[W331 08:13:59.364556027 Utils.hpp:110] Warning: Environment variable NCCL_BLOCKING_WAIT is deprecated; use TORCH_NCCL_BLOCKING_WAIT instead (function operator())
[rank106]:[W331 08:13:59.364626392 Utils.hpp:110] Warning: Environment variable NCCL_BLOCKING_WAIT is deprecated; use TORCH_NCCL_BLOCKING_WAIT instead (function operator())
[Rank 104] Loading data from: /capstor/store/cscs/pasc/c39/swiss-ai/test/data/train/
[Rank 107] Loading data from: /capstor/store/cscs/pasc/c39/swiss-ai/test/data/train/
[Rank 106] Loading data from: /capstor/store/cscs/pasc/c39/swiss-ai/test/data/train/
[rank1]:[W331 08:13:59.218707268 Utils.hpp:110] Warning: Environment variable NCCL_BLOCKING_WAIT is deprecated; use TORCH_NCCL_BLOCKING_WAIT instead (function operator())
[Rank 1] Loading data from: /capstor/store/cscs/pasc/c39/swiss-ai/test/data/train/
[Rank 113] Discovered 400 data files
[Rank 114] Discovered 400 data files
[Rank 115] Discovered 400 data files[Rank 112] Discovered 400 data files

[Rank 1] Discovered 400 data files
[Rank 111] Discovered 400 data files
[Rank 108] Discovered 400 data files
[Rank 109] Discovered 400 data files
[Rank 110] Discovered 400 data files
[Rank 123] Discovered 400 data files
[Rank 122] Discovered 400 data files
[Rank 120] Discovered 400 data files
[Rank 121] Discovered 400 data files
[Rank 127] Discovered 400 data files
[Rank 124] Discovered 400 data files
[Rank 126] Discovered 400 data files
[Rank 125] Discovered 400 data files
[Rank 116] Discovered 400 data files
[Rank 119] Discovered 400 data files[Rank 118] Discovered 400 data files

[Rank 117] Discovered 400 data files
[Rank 105] Discovered 400 data files
[Rank 106] Discovered 400 data files
[Rank 104] Discovered 400 data files[Rank 107] Discovered 400 data files

[Rank 64] Data index ready: 8584246 records
[Rank 65] Data index ready: 8584246 records
[Rank 107] Data index ready: 8584246 records
[Rank 106] Data index ready: 8584246 records
[Rank 28] Data index ready: 8584246 records
[Rank 30] Data index ready: 8584246 records
[Rank 29] Data index ready: 8584246 records
[Rank 56] Data index ready: 8584246 records
[Rank 31] Data index ready: 8584246 records
[Rank 104] Data index ready: 8584246 records
[Rank 105] Data index ready: 8584246 records
[Rank 58] Data index ready: 8584246 records
[Rank 57] Data index ready: 8584246 records
[Rank 59] Data index ready: 8584246 records
[Rank 6] Data index ready: 8584246 records
[Rank 121] Data index ready: 8584246 records
[Rank 120] Data index ready: 8584246 records
[Rank 4] Data index ready: 8584246 records
[Rank 7] Data index ready: 8584246 records
[Rank 122] Data index ready: 8584246 records
[Rank 127] Data index ready: 8584246 records
[Rank 75] Data index ready: 8584246 records
[Rank 26] Data index ready: 8584246 records
[Rank 72] Data index ready: 8584246 records
[Rank 15] Data index ready: 8584246 records
[Rank 74] Data index ready: 8584246 records
[Rank 8] Data index ready: 8584246 records
[Rank 11] Data index ready: 8584246 records
[Rank 9] Data index ready: 8584246 records
[Rank 24] Data index ready: 8584246 records
[Rank 10] Data index ready: 8584246 records
[Rank 102] Data index ready: 8584246 records
[Rank 13] Data index ready: 8584246 records
[Rank 100] Data index ready: 8584246 records
[Rank 25] Data index ready: 8584246 records
[Rank 27] Data index ready: 8584246 records
[Rank 60] Data index ready: 8584246 records
[Rank 101] Data index ready: 8584246 records
[Rank 103] Data index ready: 8584246 records
[Rank 123] Data index ready: 8584246 records
[Rank 39] Data index ready: 8584246 records
[Rank 38] Data index ready: 8584246 records
[Rank 55] Data index ready: 8584246 records
[Rank 54] Data index ready: 8584246 records
[Rank 37] Data index ready: 8584246 records
[Rank 36] Data index ready: 8584246 records
[Rank 63] Data index ready: 8584246 records
[Rank 66] Data index ready: 8584246 records
[Rank 85] Data index ready: 8584246 records
[Rank 125] Data index ready: 8584246 records
[Rank 87] Data index ready: 8584246 records
[Rank 112] Data index ready: 8584246 records
[Rank 113] Data index ready: 8584246 records
[Rank 115] Data index ready: 8584246 records
[Rank 86] Data index ready: 8584246 records
[Rank 114] Data index ready: 8584246 records
[Rank 126] Data index ready: 8584246 records
[Rank 48] Data index ready: 8584246 records
[Rank 50] Data index ready: 8584246 records
[Rank 124] Data index ready: 8584246 records
[Rank 49] Data index ready: 8584246 records
[Rank 77] Data index ready: 8584246 records
[Rank 76] Data index ready: 8584246 records
[Rank 78] Data index ready: 8584246 records
[Rank 47] Data index ready: 8584246 records
[Rank 79] Data index ready: 8584246 records
[Rank 84] Data index ready: 8584246 records
[Rank 18] Data index ready: 8584246 records
[Rank 94] Data index ready: 8584246 records
[Rank 53] Data index ready: 8584246 records
[Rank 19] Data index ready: 8584246 records
[Rank 52] Data index ready: 8584246 records
[Rank 95] Data index ready: 8584246 records
[Rank 93] Data index ready: 8584246 records
[Rank 34] Data index ready: 8584246 records
[Rank 32] Data index ready: 8584246 records
[Rank 88] Data index ready: 8584246 records
[Rank 89] Data index ready: 8584246 records
[Rank 90] Data index ready: 8584246 records
[Rank 91] Data index ready: 8584246 records
[Rank 16] Data index ready: 8584246 records
[Rank 92] Data index ready: 8584246 records
[Rank 62] Data index ready: 8584246 records
[Rank 33] Data index ready: 8584246 records
[Rank 20] Data index ready: 8584246 records
[Rank 83] Data index ready: 8584246 records
[Rank 81] Data index ready: 8584246 records
[Rank 80] Data index ready: 8584246 records
[Rank 35] Data index ready: 8584246 records
[Rank 69] Data index ready: 8584246 records
[Rank 70] Data index ready: 8584246 records
[Rank 119] Data index ready: 8584246 records
[Rank 117] Data index ready: 8584246 records
[Rank 118] Data index ready: 8584246 records
[Rank 116] Data index ready: 8584246 records
[Rank 68] Data index ready: 8584246 records
[Rank 71] Data index ready: 8584246 records
[Rank 41] Data index ready: 8584246 records
[Rank 108] Data index ready: 8584246 records
[Rank 110] Data index ready: 8584246 records
[Rank 111] Data index ready: 8584246 records
[Rank 23] Data index ready: 8584246 records
[Rank 40] Data index ready: 8584246 records
[Rank 82] Data index ready: 8584246 records
[Rank 43] Data index ready: 8584246 records
[Rank 42] Data index ready: 8584246 records
[Rank 45] Data index ready: 8584246 records
[Rank 14] Data index ready: 8584246 records
[Rank 97] Data index ready: 8584246 records
[Rank 98] Data index ready: 8584246 records
[Rank 17] Data index ready: 8584246 records
[Rank 44] Data index ready: 8584246 records
[Rank 46] Data index ready: 8584246 records
[Rank 99] Data index ready: 8584246 records
[Rank 22] Data index ready: 8584246 records
[Rank 109] Data index ready: 8584246 records
[Rank 12] Data index ready: 8584246 records
[Rank 96] Data index ready: 8584246 records
[Rank 67] Data index ready: 8584246 records
[Rank 73] Data index ready: 8584246 records
[Rank 5] Data index ready: 8584246 records
[Rank 51] Data index ready: 8584246 records
[Rank 3] Data index ready: 8584246 records
[Rank 1] Data index ready: 8584246 records
[Rank 0] Data index ready: 8584246 records
[Rank 2] Data index ready: 8584246 records
[Rank 21] Data index ready: 8584246 records
Steps per epoch: 8382
Total training steps: 1676400
Warmup steps: 33528

Starting benchmark...
Warmup Steps: 200
Measure Steps: 1800
Batch Size (per GPU): 8
Global Batch Size: 1024
Gradient accumulation steps: 1
Input token budget: 256
Output token budget: 128
[Rank 61] Data index ready: 8584246 records
Benchmark:   0%|          | 0/2000 [00:00<?, ?it/s]Benchmark:   0%|          | 10/2000 [00:04<15:38,  2.12it/s]Benchmark:   1%|          | 20/2000 [00:07<11:30,  2.87it/s]Benchmark:   2%|▏         | 30/2000 [00:10<10:46,  3.05it/s]Benchmark:   2%|▏         | 40/2000 [00:12<09:50,  3.32it/s]Benchmark:   2%|▎         | 50/2000 [00:15<09:22,  3.47it/s]Benchmark:   3%|▎         | 60/2000 [00:18<09:04,  3.56it/s]Benchmark:   4%|▎         | 70/2000 [00:20<08:31,  3.77it/s]Benchmark:   4%|▍         | 80/2000 [00:23<08:19,  3.84it/s]Benchmark:   4%|▍         | 90/2000 [00:25<08:29,  3.75it/s]Benchmark:   5%|▌         | 100/2000 [00:28<08:29,  3.73it/s]Benchmark:   6%|▌         | 110/2000 [00:31<08:31,  3.70it/s]Benchmark:   6%|▌         | 120/2000 [00:34<08:30,  3.68it/s]Benchmark:   6%|▋         | 130/2000 [00:36<08:18,  3.75it/s]Benchmark:   7%|▋         | 140/2000 [00:39<08:21,  3.71it/s]Benchmark:   8%|▊         | 150/2000 [00:41<08:07,  3.79it/s]Benchmark:   8%|▊         | 160/2000 [00:44<07:50,  3.91it/s]Benchmark:   8%|▊         | 170/2000 [00:46<07:51,  3.88it/s]Benchmark:   9%|▉         | 180/2000 [00:49<07:55,  3.83it/s]Benchmark:  10%|▉         | 190/2000 [00:53<09:07,  3.31it/s]Benchmark:  10%|█         | 200/2000 [00:58<10:46,  2.79it/s]Benchmark:  10%|█         | 210/2000 [01:02<11:01,  2.71it/s]Benchmark:  10%|█         | 210/2000 [01:02<11:01,  2.71it/s, loss=6.5292, lr=2.05e-05]Benchmark:  11%|█         | 220/2000 [01:05<10:21,  2.86it/s, loss=6.5292, lr=2.05e-05]Benchmark:  11%|█         | 220/2000 [01:05<10:21,  2.86it/s, loss=6.6648, lr=2.05e-05]Benchmark:  12%|█▏        | 230/2000 [01:07<09:19,  3.16it/s, loss=6.6648, lr=2.05e-05]Benchmark:  12%|█▏        | 230/2000 [01:07<09:19,  3.16it/s, loss=6.6096, lr=2.05e-05]Benchmark:  12%|█▏        | 240/2000 [01:10<08:54,  3.30it/s, loss=6.6096, lr=2.05e-05]Benchmark:  12%|█▏        | 240/2000 [01:10<08:54,  3.30it/s, loss=6.5946, lr=2.06e-05]Benchmark:  12%|█▎        | 250/2000 [01:13<08:25,  3.46it/s, loss=6.5946, lr=2.06e-05]Benchmark:  12%|█▎        | 250/2000 [01:13<08:25,  3.46it/s, loss=6.5707, lr=2.06e-05]Benchmark:  13%|█▎        | 260/2000 [01:15<08:02,  3.61it/s, loss=6.5707, lr=2.06e-05]Benchmark:  13%|█▎        | 260/2000 [01:15<08:02,  3.61it/s, loss=6.5796, lr=2.06e-05]Benchmark:  14%|█▎        | 270/2000 [01:18<07:46,  3.71it/s, loss=6.5796, lr=2.06e-05]Benchmark:  14%|█▎        | 270/2000 [01:18<07:46,  3.71it/s, loss=6.5502, lr=2.06e-05]Benchmark:  14%|█▍        | 280/2000 [01:20<07:42,  3.72it/s, loss=6.5502, lr=2.06e-05]Benchmark:  14%|█▍        | 280/2000 [01:20<07:42,  3.72it/s, loss=6.5368, lr=2.07e-05]Benchmark:  14%|█▍        | 290/2000 [01:23<07:30,  3.80it/s, loss=6.5368, lr=2.07e-05]Benchmark:  14%|█▍        | 290/2000 [01:23<07:30,  3.80it/s, loss=6.4870, lr=2.07e-05]Benchmark:  15%|█▌        | 300/2000 [01:26<07:31,  3.76it/s, loss=6.4870, lr=2.07e-05]Benchmark:  15%|█▌        | 300/2000 [01:26<07:31,  3.76it/s, loss=6.4968, lr=2.07e-05]Benchmark:  16%|█▌        | 310/2000 [01:28<07:22,  3.82it/s, loss=6.4968, lr=2.07e-05]Benchmark:  16%|█▌        | 310/2000 [01:28<07:22,  3.82it/s, loss=6.4968, lr=2.07e-05]Benchmark:  16%|█▌        | 320/2000 [01:31<07:35,  3.68it/s, loss=6.4968, lr=2.07e-05]Benchmark:  16%|█▌        | 320/2000 [01:31<07:35,  3.68it/s, loss=6.5067, lr=2.08e-05]Benchmark:  16%|█▋        | 330/2000 [01:34<07:25,  3.74it/s, loss=6.5067, lr=2.08e-05]Benchmark:  16%|█▋        | 330/2000 [01:34<07:25,  3.74it/s, loss=6.5321, lr=2.08e-05]Benchmark:  17%|█▋        | 340/2000 [01:36<07:25,  3.73it/s, loss=6.5321, lr=2.08e-05]Benchmark:  17%|█▋        | 340/2000 [01:36<07:25,  3.73it/s, loss=6.5358, lr=2.08e-05]Benchmark:  18%|█▊        | 350/2000 [01:39<07:12,  3.82it/s, loss=6.5358, lr=2.08e-05]Benchmark:  18%|█▊        | 350/2000 [01:39<07:12,  3.82it/s, loss=6.5310, lr=2.08e-05]Benchmark:  18%|█▊        | 360/2000 [01:41<07:00,  3.90it/s, loss=6.5310, lr=2.08e-05]Benchmark:  18%|█▊        | 360/2000 [01:41<07:00,  3.90it/s, loss=6.5170, lr=2.09e-05]Benchmark:  18%|█▊        | 370/2000 [01:44<06:58,  3.90it/s, loss=6.5170, lr=2.09e-05]Benchmark:  18%|█▊        | 370/2000 [01:44<06:58,  3.90it/s, loss=6.5009, lr=2.09e-05]Benchmark:  19%|█▉        | 380/2000 [01:47<07:11,  3.76it/s, loss=6.5009, lr=2.09e-05]Benchmark:  19%|█▉        | 380/2000 [01:47<07:11,  3.76it/s, loss=6.5136, lr=2.09e-05]Benchmark:  20%|█▉        | 390/2000 [01:49<07:07,  3.77it/s, loss=6.5136, lr=2.09e-05]Benchmark:  20%|█▉        | 390/2000 [01:49<07:07,  3.77it/s, loss=6.5072, lr=2.09e-05]Benchmark:  20%|██        | 400/2000 [01:52<06:54,  3.86it/s, loss=6.5072, lr=2.09e-05]Benchmark:  20%|██        | 400/2000 [01:52<06:54,  3.86it/s, loss=6.4858, lr=2.09e-05]Benchmark:  20%|██        | 410/2000 [01:54<06:42,  3.95it/s, loss=6.4858, lr=2.09e-05]Benchmark:  20%|██        | 410/2000 [01:54<06:42,  3.95it/s, loss=6.4634, lr=2.10e-05]Benchmark:  21%|██        | 420/2000 [01:57<06:52,  3.83it/s, loss=6.4634, lr=2.10e-05]Benchmark:  21%|██        | 420/2000 [01:57<06:52,  3.83it/s, loss=6.4721, lr=2.10e-05]Benchmark:  22%|██▏       | 430/2000 [02:00<06:51,  3.81it/s, loss=6.4721, lr=2.10e-05]Benchmark:  22%|██▏       | 430/2000 [02:00<06:51,  3.81it/s, loss=6.4784, lr=2.10e-05]Benchmark:  22%|██▏       | 440/2000 [02:03<07:06,  3.66it/s, loss=6.4784, lr=2.10e-05]Benchmark:  22%|██▏       | 440/2000 [02:03<07:06,  3.66it/s, loss=6.4790, lr=2.10e-05]Benchmark:  22%|██▎       | 450/2000 [02:05<06:59,  3.69it/s, loss=6.4790, lr=2.10e-05]Benchmark:  22%|██▎       | 450/2000 [02:05<06:59,  3.69it/s, loss=6.4695, lr=2.11e-05]Benchmark:  23%|██▎       | 460/2000 [02:08<06:43,  3.82it/s, loss=6.4695, lr=2.11e-05]Benchmark:  23%|██▎       | 460/2000 [02:08<06:43,  3.82it/s, loss=6.4462, lr=2.11e-05]Benchmark:  24%|██▎       | 470/2000 [02:10<06:51,  3.72it/s, loss=6.4462, lr=2.11e-05]Benchmark:  24%|██▎       | 470/2000 [02:10<06:51,  3.72it/s, loss=6.4443, lr=2.11e-05]Benchmark:  24%|██▍       | 480/2000 [02:14<07:06,  3.56it/s, loss=6.4443, lr=2.11e-05]Benchmark:  24%|██▍       | 480/2000 [02:14<07:06,  3.56it/s, loss=6.4531, lr=2.11e-05]Benchmark:  24%|██▍       | 490/2000 [02:16<07:04,  3.56it/s, loss=6.4531, lr=2.11e-05]Benchmark:  24%|██▍       | 490/2000 [02:16<07:04,  3.56it/s, loss=6.4561, lr=2.12e-05]Benchmark:  25%|██▌       | 500/2000 [02:19<06:51,  3.65it/s, loss=6.4561, lr=2.12e-05]Benchmark:  25%|██▌       | 500/2000 [02:19<06:51,  3.65it/s, loss=6.4557, lr=2.12e-05]Benchmark:  26%|██▌       | 510/2000 [02:22<07:06,  3.49it/s, loss=6.4557, lr=2.12e-05]Benchmark:  26%|██▌       | 510/2000 [02:22<07:06,  3.49it/s, loss=6.4655, lr=2.12e-05]Benchmark:  26%|██▌       | 520/2000 [02:25<07:02,  3.50it/s, loss=6.4655, lr=2.12e-05]Benchmark:  26%|██▌       | 520/2000 [02:25<07:02,  3.50it/s, loss=6.4635, lr=2.12e-05]Benchmark:  26%|██▋       | 530/2000 [02:28<06:50,  3.58it/s, loss=6.4635, lr=2.12e-05]Benchmark:  26%|██▋       | 530/2000 [02:28<06:50,  3.58it/s, loss=6.4547, lr=2.13e-05]Benchmark:  27%|██▋       | 540/2000 [02:30<06:43,  3.62it/s, loss=6.4547, lr=2.13e-05]Benchmark:  27%|██▋       | 540/2000 [02:30<06:43,  3.62it/s, loss=6.4510, lr=2.13e-05]Benchmark:  28%|██▊       | 550/2000 [02:33<06:43,  3.60it/s, loss=6.4510, lr=2.13e-05]Benchmark:  28%|██▊       | 550/2000 [02:33<06:43,  3.60it/s, loss=6.4520, lr=2.13e-05]Benchmark:  28%|██▊       | 560/2000 [02:36<06:45,  3.55it/s, loss=6.4520, lr=2.13e-05]Benchmark:  28%|██▊       | 560/2000 [02:36<06:45,  3.55it/s, loss=6.4486, lr=2.13e-05]Benchmark:  28%|██▊       | 570/2000 [02:39<06:38,  3.59it/s, loss=6.4486, lr=2.13e-05]Benchmark:  28%|██▊       | 570/2000 [02:39<06:38,  3.59it/s, loss=6.4376, lr=2.14e-05]Benchmark:  29%|██▉       | 580/2000 [02:42<06:42,  3.53it/s, loss=6.4376, lr=2.14e-05]Benchmark:  29%|██▉       | 580/2000 [02:42<06:42,  3.53it/s, loss=6.4320, lr=2.14e-05]Benchmark:  30%|██▉       | 590/2000 [02:45<06:42,  3.50it/s, loss=6.4320, lr=2.14e-05]Benchmark:  30%|██▉       | 590/2000 [02:45<06:42,  3.50it/s, loss=6.4358, lr=2.14e-05]Benchmark:  30%|███       | 600/2000 [02:48<06:46,  3.44it/s, loss=6.4358, lr=2.14e-05]Benchmark:  30%|███       | 600/2000 [02:48<06:46,  3.44it/s, loss=6.4351, lr=2.14e-05]Benchmark:  30%|███       | 610/2000 [02:50<06:35,  3.51it/s, loss=6.4351, lr=2.14e-05]Benchmark:  30%|███       | 610/2000 [02:50<06:35,  3.51it/s, loss=6.4322, lr=2.14e-05]Benchmark:  31%|███       | 620/2000 [02:53<06:28,  3.55it/s, loss=6.4322, lr=2.14e-05]Benchmark:  31%|███       | 620/2000 [02:53<06:28,  3.55it/s, loss=6.4319, lr=2.15e-05]Benchmark:  32%|███▏      | 630/2000 [02:56<06:22,  3.58it/s, loss=6.4319, lr=2.15e-05]Benchmark:  32%|███▏      | 630/2000 [02:56<06:22,  3.58it/s, loss=6.4289, lr=2.15e-05]Benchmark:  32%|███▏      | 640/2000 [02:58<06:08,  3.69it/s, loss=6.4289, lr=2.15e-05]Benchmark:  32%|███▏      | 640/2000 [02:58<06:08,  3.69it/s, loss=6.4170, lr=2.15e-05]Benchmark:  32%|███▎      | 650/2000 [03:01<06:15,  3.59it/s, loss=6.4170, lr=2.15e-05]Benchmark:  32%|███▎      | 650/2000 [03:01<06:15,  3.59it/s, loss=6.4181, lr=2.15e-05]Benchmark:  33%|███▎      | 660/2000 [03:04<06:23,  3.50it/s, loss=6.4181, lr=2.15e-05]Benchmark:  33%|███▎      | 660/2000 [03:04<06:23,  3.50it/s, loss=6.4226, lr=2.16e-05]Benchmark:  34%|███▎      | 670/2000 [03:07<06:10,  3.59it/s, loss=6.4226, lr=2.16e-05]Benchmark:  34%|███▎      | 670/2000 [03:07<06:10,  3.59it/s, loss=6.4188, lr=2.16e-05]Benchmark:  34%|███▍      | 680/2000 [03:10<06:07,  3.59it/s, loss=6.4188, lr=2.16e-05]Benchmark:  34%|███▍      | 680/2000 [03:10<06:07,  3.59it/s, loss=6.4177, lr=2.16e-05]Benchmark:  34%|███▍      | 690/2000 [03:13<06:10,  3.53it/s, loss=6.4177, lr=2.16e-05]Benchmark:  34%|███▍      | 690/2000 [03:13<06:10,  3.53it/s, loss=6.4205, lr=2.16e-05]Benchmark:  35%|███▌      | 700/2000 [03:15<06:02,  3.59it/s, loss=6.4205, lr=2.16e-05]Benchmark:  35%|███▌      | 700/2000 [03:15<06:02,  3.59it/s, loss=6.4191, lr=2.17e-05]Benchmark:  36%|███▌      | 710/2000 [03:18<06:00,  3.58it/s, loss=6.4191, lr=2.17e-05]Benchmark:  36%|███▌      | 710/2000 [03:18<06:00,  3.58it/s, loss=6.4167, lr=2.17e-05]Benchmark:  36%|███▌      | 720/2000 [03:21<05:52,  3.63it/s, loss=6.4167, lr=2.17e-05]Benchmark:  36%|███▌      | 720/2000 [03:21<05:52,  3.63it/s, loss=6.4098, lr=2.17e-05]Benchmark:  36%|███▋      | 730/2000 [03:24<05:54,  3.58it/s, loss=6.4098, lr=2.17e-05]Benchmark:  36%|███▋      | 730/2000 [03:24<05:54,  3.58it/s, loss=6.4090, lr=2.17e-05]Benchmark:  37%|███▋      | 740/2000 [03:27<05:56,  3.54it/s, loss=6.4090, lr=2.17e-05]Benchmark:  37%|███▋      | 740/2000 [03:27<05:56,  3.54it/s, loss=6.4074, lr=2.18e-05]Benchmark:  38%|███▊      | 750/2000 [03:29<05:42,  3.65it/s, loss=6.4074, lr=2.18e-05]Benchmark:  38%|███▊      | 750/2000 [03:29<05:42,  3.65it/s, loss=6.4001, lr=2.18e-05]Benchmark:  38%|███▊      | 760/2000 [03:32<05:53,  3.51it/s, loss=6.4001, lr=2.18e-05]Benchmark:  38%|███▊      | 760/2000 [03:32<05:53,  3.51it/s, loss=6.4054, lr=2.18e-05]Benchmark:  38%|███▊      | 770/2000 [03:35<05:53,  3.48it/s, loss=6.4054, lr=2.18e-05]Benchmark:  38%|███▊      | 770/2000 [03:35<05:53,  3.48it/s, loss=6.4072, lr=2.18e-05]Benchmark:  39%|███▉      | 780/2000 [03:38<05:42,  3.56it/s, loss=6.4072, lr=2.18e-05]Benchmark:  39%|███▉      | 780/2000 [03:38<05:42,  3.56it/s, loss=6.4025, lr=2.19e-05]Benchmark:  40%|███▉      | 790/2000 [03:40<05:34,  3.62it/s, loss=6.4025, lr=2.19e-05]Benchmark:  40%|███▉      | 790/2000 [03:40<05:34,  3.62it/s, loss=6.3970, lr=2.19e-05]Benchmark:  40%|████      | 800/2000 [03:43<05:35,  3.58it/s, loss=6.3970, lr=2.19e-05]Benchmark:  40%|████      | 800/2000 [03:43<05:35,  3.58it/s, loss=6.3959, lr=2.19e-05]Benchmark:  40%|████      | 810/2000 [03:46<05:27,  3.63it/s, loss=6.3959, lr=2.19e-05]Benchmark:  40%|████      | 810/2000 [03:46<05:27,  3.63it/s, loss=6.3912, lr=2.19e-05]Benchmark:  41%|████      | 820/2000 [03:49<05:23,  3.65it/s, loss=6.3912, lr=2.19e-05]Benchmark:  41%|████      | 820/2000 [03:49<05:23,  3.65it/s, loss=6.3870, lr=2.19e-05]Benchmark:  42%|████▏     | 830/2000 [03:52<05:26,  3.58it/s, loss=6.3870, lr=2.19e-05]Benchmark:  42%|████▏     | 830/2000 [03:52<05:26,  3.58it/s, loss=6.3894, lr=2.20e-05]Benchmark:  42%|████▏     | 840/2000 [03:54<05:24,  3.58it/s, loss=6.3894, lr=2.20e-05]Benchmark:  42%|████▏     | 840/2000 [03:54<05:24,  3.58it/s, loss=6.3856, lr=2.20e-05]Benchmark:  42%|████▎     | 850/2000 [03:57<05:25,  3.53it/s, loss=6.3856, lr=2.20e-05]Benchmark:  42%|████▎     | 850/2000 [03:57<05:25,  3.53it/s, loss=6.3834, lr=2.20e-05]Benchmark:  43%|████▎     | 860/2000 [04:00<05:18,  3.58it/s, loss=6.3834, lr=2.20e-05]Benchmark:  43%|████▎     | 860/2000 [04:00<05:18,  3.58it/s, loss=6.3820, lr=2.20e-05]Benchmark:  44%|████▎     | 870/2000 [04:02<05:00,  3.76it/s, loss=6.3820, lr=2.20e-05]Benchmark:  44%|████▎     | 870/2000 [04:02<05:00,  3.76it/s, loss=6.3786, lr=2.21e-05]Benchmark:  44%|████▍     | 880/2000 [04:05<04:51,  3.84it/s, loss=6.3786, lr=2.21e-05]Benchmark:  44%|████▍     | 880/2000 [04:05<04:51,  3.84it/s, loss=6.3704, lr=2.21e-05]Benchmark:  44%|████▍     | 890/2000 [04:08<04:53,  3.79it/s, loss=6.3704, lr=2.21e-05]Benchmark:  44%|████▍     | 890/2000 [04:08<04:53,  3.79it/s, loss=6.3671, lr=2.21e-05]Benchmark:  45%|████▌     | 900/2000 [04:10<04:52,  3.76it/s, loss=6.3671, lr=2.21e-05]Benchmark:  45%|████▌     | 900/2000 [04:10<04:52,  3.76it/s, loss=6.3671, lr=2.21e-05]Benchmark:  46%|████▌     | 910/2000 [04:13<04:49,  3.77it/s, loss=6.3671, lr=2.21e-05]Benchmark:  46%|████▌     | 910/2000 [04:13<04:49,  3.77it/s, loss=6.3643, lr=2.22e-05]Benchmark:  46%|████▌     | 920/2000 [04:16<04:56,  3.64it/s, loss=6.3643, lr=2.22e-05]Benchmark:  46%|████▌     | 920/2000 [04:16<04:56,  3.64it/s, loss=6.3640, lr=2.22e-05]Benchmark:  46%|████▋     | 930/2000 [04:19<04:53,  3.65it/s, loss=6.3640, lr=2.22e-05]Benchmark:  46%|████▋     | 930/2000 [04:19<04:53,  3.65it/s, loss=6.3620, lr=2.22e-05]Benchmark:  47%|████▋     | 940/2000 [04:21<04:47,  3.69it/s, loss=6.3620, lr=2.22e-05]Benchmark:  47%|████▋     | 940/2000 [04:21<04:47,  3.69it/s, loss=6.3573, lr=2.22e-05]Benchmark:  48%|████▊     | 950/2000 [04:24<04:45,  3.68it/s, loss=6.3573, lr=2.22e-05]Benchmark:  48%|████▊     | 950/2000 [04:24<04:45,  3.68it/s, loss=6.3552, lr=2.23e-05]Benchmark:  48%|████▊     | 960/2000 [04:27<04:39,  3.72it/s, loss=6.3552, lr=2.23e-05]Benchmark:  48%|████▊     | 960/2000 [04:27<04:39,  3.72it/s, loss=6.3509, lr=2.23e-05]Benchmark:  48%|████▊     | 970/2000 [04:29<04:38,  3.69it/s, loss=6.3509, lr=2.23e-05]Benchmark:  48%|████▊     | 970/2000 [04:29<04:38,  3.69it/s, loss=6.3507, lr=2.23e-05]Benchmark:  49%|████▉     | 980/2000 [04:32<04:35,  3.70it/s, loss=6.3507, lr=2.23e-05]Benchmark:  49%|████▉     | 980/2000 [04:32<04:35,  3.70it/s, loss=6.3485, lr=2.23e-05]Benchmark:  50%|████▉     | 990/2000 [04:35<04:33,  3.70it/s, loss=6.3485, lr=2.23e-05]Benchmark:  50%|████▉     | 990/2000 [04:35<04:33,  3.70it/s, loss=6.3456, lr=2.24e-05]Benchmark:  50%|█████     | 1000/2000 [04:37<04:30,  3.70it/s, loss=6.3456, lr=2.24e-05]Benchmark:  50%|█████     | 1000/2000 [04:37<04:30,  3.70it/s, loss=6.3427, lr=2.24e-05]Benchmark:  50%|█████     | 1010/2000 [04:41<04:40,  3.53it/s, loss=6.3427, lr=2.24e-05]Benchmark:  50%|█████     | 1010/2000 [04:41<04:40,  3.53it/s, loss=6.3452, lr=2.24e-05]Benchmark:  51%|█████     | 1020/2000 [04:43<04:38,  3.52it/s, loss=6.3452, lr=2.24e-05]Benchmark:  51%|█████     | 1020/2000 [04:43<04:38,  3.52it/s, loss=6.3434, lr=2.24e-05]Benchmark:  52%|█████▏    | 1030/2000 [04:47<04:43,  3.43it/s, loss=6.3434, lr=2.24e-05]Benchmark:  52%|█████▏    | 1030/2000 [04:47<04:43,  3.43it/s, loss=6.3425, lr=2.25e-05]Benchmark:  52%|█████▏    | 1040/2000 [04:50<05:02,  3.17it/s, loss=6.3425, lr=2.25e-05]Benchmark:  52%|█████▏    | 1040/2000 [04:50<05:02,  3.17it/s, loss=6.3387, lr=2.25e-05]Benchmark:  52%|█████▎    | 1050/2000 [04:54<05:11,  3.05it/s, loss=6.3387, lr=2.25e-05]Benchmark:  52%|█████▎    | 1050/2000 [04:54<05:11,  3.05it/s, loss=6.3364, lr=2.25e-05]Benchmark:  53%|█████▎    | 1060/2000 [04:58<05:27,  2.87it/s, loss=6.3364, lr=2.25e-05]Benchmark:  53%|█████▎    | 1060/2000 [04:58<05:27,  2.87it/s, loss=6.3349, lr=2.25e-05]Benchmark:  54%|█████▎    | 1070/2000 [05:02<05:36,  2.76it/s, loss=6.3349, lr=2.25e-05]Benchmark:  54%|█████▎    | 1070/2000 [05:02<05:36,  2.76it/s, loss=6.3324, lr=2.25e-05]Benchmark:  54%|█████▍    | 1080/2000 [05:06<06:00,  2.55it/s, loss=6.3324, lr=2.25e-05]Benchmark:  54%|█████▍    | 1080/2000 [05:06<06:00,  2.55it/s, loss=6.3320, lr=2.26e-05]Benchmark:  55%|█████▍    | 1090/2000 [05:10<05:40,  2.67it/s, loss=6.3320, lr=2.26e-05]Benchmark:  55%|█████▍    | 1090/2000 [05:10<05:40,  2.67it/s, loss=6.3291, lr=2.26e-05]Benchmark:  55%|█████▌    | 1100/2000 [05:13<05:19,  2.82it/s, loss=6.3291, lr=2.26e-05]Benchmark:  55%|█████▌    | 1100/2000 [05:13<05:19,  2.82it/s, loss=6.3230, lr=2.26e-05]Benchmark:  56%|█████▌    | 1110/2000 [05:16<05:06,  2.90it/s, loss=6.3230, lr=2.26e-05]Benchmark:  56%|█████▌    | 1110/2000 [05:16<05:06,  2.90it/s, loss=6.3217, lr=2.26e-05]Benchmark:  56%|█████▌    | 1120/2000 [05:19<04:40,  3.14it/s, loss=6.3217, lr=2.26e-05]Benchmark:  56%|█████▌    | 1120/2000 [05:19<04:40,  3.14it/s, loss=6.3211, lr=2.27e-05]Benchmark:  56%|█████▋    | 1130/2000 [05:21<04:13,  3.44it/s, loss=6.3211, lr=2.27e-05]Benchmark:  56%|█████▋    | 1130/2000 [05:21<04:13,  3.44it/s, loss=6.3182, lr=2.27e-05]Benchmark:  57%|█████▋    | 1140/2000 [05:23<04:02,  3.55it/s, loss=6.3182, lr=2.27e-05]Benchmark:  57%|█████▋    | 1140/2000 [05:23<04:02,  3.55it/s, loss=6.3147, lr=2.27e-05]Benchmark:  57%|█████▊    | 1150/2000 [05:26<03:58,  3.57it/s, loss=6.3147, lr=2.27e-05]Benchmark:  57%|█████▊    | 1150/2000 [05:26<03:58,  3.57it/s, loss=6.3154, lr=2.27e-05]Benchmark:  58%|█████▊    | 1160/2000 [05:29<03:54,  3.58it/s, loss=6.3154, lr=2.27e-05]Benchmark:  58%|█████▊    | 1160/2000 [05:29<03:54,  3.58it/s, loss=6.3133, lr=2.28e-05]Benchmark:  58%|█████▊    | 1170/2000 [05:32<03:55,  3.53it/s, loss=6.3133, lr=2.28e-05]Benchmark:  58%|█████▊    | 1170/2000 [05:32<03:55,  3.53it/s, loss=6.3144, lr=2.28e-05]Benchmark:  59%|█████▉    | 1180/2000 [05:35<03:50,  3.55it/s, loss=6.3144, lr=2.28e-05]Benchmark:  59%|█████▉    | 1180/2000 [05:35<03:50,  3.55it/s, loss=6.3134, lr=2.28e-05]Benchmark:  60%|█████▉    | 1190/2000 [05:38<03:49,  3.53it/s, loss=6.3134, lr=2.28e-05]Benchmark:  60%|█████▉    | 1190/2000 [05:38<03:49,  3.53it/s, loss=6.3132, lr=2.28e-05]Benchmark:  60%|██████    | 1200/2000 [05:40<03:38,  3.66it/s, loss=6.3132, lr=2.28e-05]Benchmark:  60%|██████    | 1200/2000 [05:40<03:38,  3.66it/s, loss=6.3098, lr=2.29e-05]Benchmark:  60%|██████    | 1210/2000 [05:43<03:30,  3.75it/s, loss=6.3098, lr=2.29e-05]Benchmark:  60%|██████    | 1210/2000 [05:43<03:30,  3.75it/s, loss=6.3054, lr=2.29e-05]Benchmark:  61%|██████    | 1220/2000 [05:45<03:21,  3.88it/s, loss=6.3054, lr=2.29e-05]Benchmark:  61%|██████    | 1220/2000 [05:45<03:21,  3.88it/s, loss=6.3013, lr=2.29e-05]Benchmark:  62%|██████▏   | 1230/2000 [05:48<03:23,  3.78it/s, loss=6.3013, lr=2.29e-05]Benchmark:  62%|██████▏   | 1230/2000 [05:48<03:23,  3.78it/s, loss=6.3000, lr=2.29e-05]Benchmark:  62%|██████▏   | 1240/2000 [05:50<03:18,  3.83it/s, loss=6.3000, lr=2.29e-05]Benchmark:  62%|██████▏   | 1240/2000 [05:50<03:18,  3.83it/s, loss=6.2977, lr=2.30e-05]Benchmark:  62%|██████▎   | 1250/2000 [05:53<03:14,  3.86it/s, loss=6.2977, lr=2.30e-05]Benchmark:  62%|██████▎   | 1250/2000 [05:53<03:14,  3.86it/s, loss=6.2950, lr=2.30e-05]Benchmark:  63%|██████▎   | 1260/2000 [05:55<03:12,  3.84it/s, loss=6.2950, lr=2.30e-05]Benchmark:  63%|██████▎   | 1260/2000 [05:55<03:12,  3.84it/s, loss=6.2938, lr=2.30e-05]Benchmark:  64%|██████▎   | 1270/2000 [05:58<03:16,  3.72it/s, loss=6.2938, lr=2.30e-05]Benchmark:  64%|██████▎   | 1270/2000 [05:58<03:16,  3.72it/s, loss=6.2946, lr=2.30e-05]Benchmark:  64%|██████▍   | 1280/2000 [06:01<03:17,  3.64it/s, loss=6.2946, lr=2.30e-05]Benchmark:  64%|██████▍   | 1280/2000 [06:01<03:17,  3.64it/s, loss=6.2929, lr=2.30e-05]Benchmark:  64%|██████▍   | 1290/2000 [06:04<03:14,  3.65it/s, loss=6.2929, lr=2.30e-05]Benchmark:  64%|██████▍   | 1290/2000 [06:04<03:14,  3.65it/s, loss=6.2898, lr=2.31e-05]Benchmark:  65%|██████▌   | 1300/2000 [06:07<03:15,  3.58it/s, loss=6.2898, lr=2.31e-05]Benchmark:  65%|██████▌   | 1300/2000 [06:07<03:15,  3.58it/s, loss=6.2905, lr=2.31e-05]Benchmark:  66%|██████▌   | 1310/2000 [06:10<03:15,  3.52it/s, loss=6.2905, lr=2.31e-05]Benchmark:  66%|██████▌   | 1310/2000 [06:10<03:15,  3.52it/s, loss=6.2894, lr=2.31e-05]Benchmark:  66%|██████▌   | 1320/2000 [06:13<03:12,  3.53it/s, loss=6.2894, lr=2.31e-05]Benchmark:  66%|██████▌   | 1320/2000 [06:13<03:12,  3.53it/s, loss=6.2881, lr=2.31e-05]Benchmark:  66%|██████▋   | 1330/2000 [06:15<03:05,  3.62it/s, loss=6.2881, lr=2.31e-05]Benchmark:  66%|██████▋   | 1330/2000 [06:15<03:05,  3.62it/s, loss=6.2851, lr=2.32e-05]Benchmark:  67%|██████▋   | 1340/2000 [06:18<03:03,  3.60it/s, loss=6.2851, lr=2.32e-05]Benchmark:  67%|██████▋   | 1340/2000 [06:18<03:03,  3.60it/s, loss=6.2838, lr=2.32e-05]Benchmark:  68%|██████▊   | 1350/2000 [06:21<03:01,  3.59it/s, loss=6.2838, lr=2.32e-05]Benchmark:  68%|██████▊   | 1350/2000 [06:21<03:01,  3.59it/s, loss=6.2832, lr=2.32e-05]Benchmark:  68%|██████▊   | 1360/2000 [06:24<02:55,  3.64it/s, loss=6.2832, lr=2.32e-05]Benchmark:  68%|██████▊   | 1360/2000 [06:24<02:55,  3.64it/s, loss=6.2802, lr=2.32e-05]Benchmark:  68%|██████▊   | 1370/2000 [06:26<02:50,  3.69it/s, loss=6.2802, lr=2.32e-05]Benchmark:  68%|██████▊   | 1370/2000 [06:26<02:50,  3.69it/s, loss=6.2781, lr=2.33e-05]Benchmark:  69%|██████▉   | 1380/2000 [06:29<02:47,  3.71it/s, loss=6.2781, lr=2.33e-05]Benchmark:  69%|██████▉   | 1380/2000 [06:29<02:47,  3.71it/s, loss=6.2779, lr=2.33e-05]Benchmark:  70%|██████▉   | 1390/2000 [06:32<02:49,  3.59it/s, loss=6.2779, lr=2.33e-05]Benchmark:  70%|██████▉   | 1390/2000 [06:32<02:49,  3.59it/s, loss=6.2794, lr=2.33e-05]Benchmark:  70%|███████   | 1400/2000 [06:35<02:50,  3.52it/s, loss=6.2794, lr=2.33e-05]Benchmark:  70%|███████   | 1400/2000 [06:35<02:50,  3.52it/s, loss=6.2796, lr=2.33e-05]Benchmark:  70%|███████   | 1410/2000 [06:38<02:46,  3.54it/s, loss=6.2796, lr=2.33e-05]Benchmark:  70%|███████   | 1410/2000 [06:38<02:46,  3.54it/s, loss=6.2790, lr=2.34e-05]Benchmark:  71%|███████   | 1420/2000 [06:40<02:45,  3.51it/s, loss=6.2790, lr=2.34e-05]Benchmark:  71%|███████   | 1420/2000 [06:40<02:45,  3.51it/s, loss=6.2793, lr=2.34e-05]Benchmark:  72%|███████▏  | 1430/2000 [06:43<02:44,  3.48it/s, loss=6.2793, lr=2.34e-05]Benchmark:  72%|███████▏  | 1430/2000 [06:43<02:44,  3.48it/s, loss=6.2794, lr=2.34e-05]Benchmark:  72%|███████▏  | 1440/2000 [06:46<02:43,  3.43it/s, loss=6.2794, lr=2.34e-05]Benchmark:  72%|███████▏  | 1440/2000 [06:46<02:43,  3.43it/s, loss=6.2801, lr=2.34e-05]Benchmark:  72%|███████▎  | 1450/2000 [06:49<02:31,  3.62it/s, loss=6.2801, lr=2.34e-05]Benchmark:  72%|███████▎  | 1450/2000 [06:49<02:31,  3.62it/s, loss=6.2760, lr=2.35e-05]Benchmark:  73%|███████▎  | 1460/2000 [06:51<02:24,  3.74it/s, loss=6.2760, lr=2.35e-05]Benchmark:  73%|███████▎  | 1460/2000 [06:51<02:24,  3.74it/s, loss=6.2720, lr=2.35e-05]Benchmark:  74%|███████▎  | 1470/2000 [06:54<02:26,  3.63it/s, loss=6.2720, lr=2.35e-05]Benchmark:  74%|███████▎  | 1470/2000 [06:54<02:26,  3.63it/s, loss=6.2729, lr=2.35e-05]Benchmark:  74%|███████▍  | 1480/2000 [06:57<02:23,  3.63it/s, loss=6.2729, lr=2.35e-05]Benchmark:  74%|███████▍  | 1480/2000 [06:57<02:23,  3.63it/s, loss=6.2724, lr=2.35e-05]Benchmark:  74%|███████▍  | 1490/2000 [07:00<02:21,  3.62it/s, loss=6.2724, lr=2.35e-05]Benchmark:  74%|███████▍  | 1490/2000 [07:00<02:21,  3.62it/s, loss=6.2716, lr=2.35e-05]Benchmark:  75%|███████▌  | 1500/2000 [07:03<02:19,  3.59it/s, loss=6.2716, lr=2.35e-05]Benchmark:  75%|███████▌  | 1500/2000 [07:03<02:19,  3.59it/s, loss=6.2707, lr=2.36e-05]Benchmark:  76%|███████▌  | 1510/2000 [07:05<02:14,  3.65it/s, loss=6.2707, lr=2.36e-05]Benchmark:  76%|███████▌  | 1510/2000 [07:05<02:14,  3.65it/s, loss=6.2683, lr=2.36e-05]Benchmark:  76%|███████▌  | 1520/2000 [07:08<02:06,  3.79it/s, loss=6.2683, lr=2.36e-05]Benchmark:  76%|███████▌  | 1520/2000 [07:08<02:06,  3.79it/s, loss=6.2649, lr=2.36e-05]Benchmark:  76%|███████▋  | 1530/2000 [07:11<02:08,  3.67it/s, loss=6.2649, lr=2.36e-05]Benchmark:  76%|███████▋  | 1530/2000 [07:11<02:08,  3.67it/s, loss=6.2648, lr=2.36e-05]Benchmark:  77%|███████▋  | 1540/2000 [07:14<02:09,  3.56it/s, loss=6.2648, lr=2.36e-05]Benchmark:  77%|███████▋  | 1540/2000 [07:14<02:09,  3.56it/s, loss=6.2649, lr=2.37e-05]Benchmark:  78%|███████▊  | 1550/2000 [07:16<02:03,  3.65it/s, loss=6.2649, lr=2.37e-05]Benchmark:  78%|███████▊  | 1550/2000 [07:16<02:03,  3.65it/s, loss=6.2601, lr=2.37e-05]Benchmark:  78%|███████▊  | 1560/2000 [07:19<02:01,  3.61it/s, loss=6.2601, lr=2.37e-05]Benchmark:  78%|███████▊  | 1560/2000 [07:19<02:01,  3.61it/s, loss=6.2590, lr=2.37e-05]Benchmark:  78%|███████▊  | 1570/2000 [07:22<01:57,  3.66it/s, loss=6.2590, lr=2.37e-05]Benchmark:  78%|███████▊  | 1570/2000 [07:22<01:57,  3.66it/s, loss=6.2582, lr=2.37e-05]Benchmark:  79%|███████▉  | 1580/2000 [07:24<01:52,  3.73it/s, loss=6.2582, lr=2.37e-05]Benchmark:  79%|███████▉  | 1580/2000 [07:24<01:52,  3.73it/s, loss=6.2559, lr=2.38e-05]Benchmark:  80%|███████▉  | 1590/2000 [07:27<01:51,  3.69it/s, loss=6.2559, lr=2.38e-05]Benchmark:  80%|███████▉  | 1590/2000 [07:27<01:51,  3.69it/s, loss=6.2533, lr=2.38e-05]Benchmark:  80%|████████  | 1600/2000 [07:30<01:48,  3.69it/s, loss=6.2533, lr=2.38e-05]Benchmark:  80%|████████  | 1600/2000 [07:30<01:48,  3.69it/s, loss=6.2520, lr=2.38e-05]Benchmark:  80%|████████  | 1610/2000 [07:33<01:47,  3.62it/s, loss=6.2520, lr=2.38e-05]Benchmark:  80%|████████  | 1610/2000 [07:33<01:47,  3.62it/s, loss=6.2515, lr=2.38e-05]Benchmark:  81%|████████  | 1620/2000 [07:35<01:44,  3.64it/s, loss=6.2515, lr=2.38e-05]Benchmark:  81%|████████  | 1620/2000 [07:35<01:44,  3.64it/s, loss=6.2510, lr=2.39e-05]Benchmark:  82%|████████▏ | 1630/2000 [07:38<01:38,  3.75it/s, loss=6.2510, lr=2.39e-05]Benchmark:  82%|████████▏ | 1630/2000 [07:38<01:38,  3.75it/s, loss=6.2492, lr=2.39e-05]Benchmark:  82%|████████▏ | 1640/2000 [07:40<01:36,  3.74it/s, loss=6.2492, lr=2.39e-05]Benchmark:  82%|████████▏ | 1640/2000 [07:40<01:36,  3.74it/s, loss=6.2474, lr=2.39e-05]Benchmark:  82%|████████▎ | 1650/2000 [07:43<01:32,  3.79it/s, loss=6.2474, lr=2.39e-05]Benchmark:  82%|████████▎ | 1650/2000 [07:43<01:32,  3.79it/s, loss=6.2451, lr=2.39e-05]Benchmark:  83%|████████▎ | 1660/2000 [07:46<01:31,  3.71it/s, loss=6.2451, lr=2.39e-05]Benchmark:  83%|████████▎ | 1660/2000 [07:46<01:31,  3.71it/s, loss=6.2443, lr=2.40e-05]Benchmark:  84%|████████▎ | 1670/2000 [07:49<01:29,  3.71it/s, loss=6.2443, lr=2.40e-05]Benchmark:  84%|████████▎ | 1670/2000 [07:49<01:29,  3.71it/s, loss=6.2436, lr=2.40e-05]Benchmark:  84%|████████▍ | 1680/2000 [07:51<01:26,  3.71it/s, loss=6.2436, lr=2.40e-05]Benchmark:  84%|████████▍ | 1680/2000 [07:51<01:26,  3.71it/s, loss=6.2412, lr=2.40e-05]Benchmark:  84%|████████▍ | 1690/2000 [07:54<01:25,  3.62it/s, loss=6.2412, lr=2.40e-05]Benchmark:  84%|████████▍ | 1690/2000 [07:54<01:25,  3.62it/s, loss=6.2417, lr=2.40e-05]Benchmark:  85%|████████▌ | 1700/2000 [07:57<01:21,  3.66it/s, loss=6.2417, lr=2.40e-05]Benchmark:  85%|████████▌ | 1700/2000 [07:57<01:21,  3.66it/s, loss=6.2412, lr=2.40e-05]Benchmark:  86%|████████▌ | 1710/2000 [07:59<01:17,  3.76it/s, loss=6.2412, lr=2.40e-05]Benchmark:  86%|████████▌ | 1710/2000 [07:59<01:17,  3.76it/s, loss=6.2398, lr=2.41e-05]Benchmark:  86%|████████▌ | 1720/2000 [08:02<01:15,  3.70it/s, loss=6.2398, lr=2.41e-05]Benchmark:  86%|████████▌ | 1720/2000 [08:02<01:15,  3.70it/s, loss=6.2386, lr=2.41e-05]Benchmark:  86%|████████▋ | 1730/2000 [08:05<01:13,  3.67it/s, loss=6.2386, lr=2.41e-05]Benchmark:  86%|████████▋ | 1730/2000 [08:05<01:13,  3.67it/s, loss=6.2377, lr=2.41e-05]Benchmark:  87%|████████▋ | 1740/2000 [08:08<01:10,  3.69it/s, loss=6.2377, lr=2.41e-05]Benchmark:  87%|████████▋ | 1740/2000 [08:08<01:10,  3.69it/s, loss=6.2369, lr=2.41e-05]Benchmark:  88%|████████▊ | 1750/2000 [08:10<01:07,  3.69it/s, loss=6.2369, lr=2.41e-05]Benchmark:  88%|████████▊ | 1750/2000 [08:10<01:07,  3.69it/s, loss=6.2351, lr=2.42e-05]Benchmark:  88%|████████▊ | 1760/2000 [08:13<01:05,  3.66it/s, loss=6.2351, lr=2.42e-05]Benchmark:  88%|████████▊ | 1760/2000 [08:13<01:05,  3.66it/s, loss=6.2345, lr=2.42e-05]Benchmark:  88%|████████▊ | 1770/2000 [08:16<01:02,  3.66it/s, loss=6.2345, lr=2.42e-05]Benchmark:  88%|████████▊ | 1770/2000 [08:16<01:02,  3.66it/s, loss=6.2324, lr=2.42e-05]Benchmark:  89%|████████▉ | 1780/2000 [08:18<00:59,  3.69it/s, loss=6.2324, lr=2.42e-05]Benchmark:  89%|████████▉ | 1780/2000 [08:18<00:59,  3.69it/s, loss=6.2316, lr=2.42e-05]Benchmark:  90%|████████▉ | 1790/2000 [08:21<00:55,  3.81it/s, loss=6.2316, lr=2.42e-05]Benchmark:  90%|████████▉ | 1790/2000 [08:21<00:55,  3.81it/s, loss=6.2296, lr=2.43e-05]Benchmark:  90%|█████████ | 1800/2000 [08:23<00:51,  3.86it/s, loss=6.2296, lr=2.43e-05]Benchmark:  90%|█████████ | 1800/2000 [08:23<00:51,  3.86it/s, loss=6.2275, lr=2.43e-05]Benchmark:  90%|█████████ | 1810/2000 [08:26<00:49,  3.83it/s, loss=6.2275, lr=2.43e-05]Benchmark:  90%|█████████ | 1810/2000 [08:26<00:49,  3.83it/s, loss=6.2282, lr=2.43e-05]Benchmark:  91%|█████████ | 1820/2000 [08:29<00:46,  3.88it/s, loss=6.2282, lr=2.43e-05]Benchmark:  91%|█████████ | 1820/2000 [08:29<00:46,  3.88it/s, loss=6.2249, lr=2.43e-05]Benchmark:  92%|█████████▏| 1830/2000 [08:31<00:43,  3.93it/s, loss=6.2249, lr=2.43e-05]Benchmark:  92%|█████████▏| 1830/2000 [08:31<00:43,  3.93it/s, loss=6.2231, lr=2.44e-05]Benchmark:  92%|█████████▏| 1840/2000 [08:34<00:41,  3.86it/s, loss=6.2231, lr=2.44e-05]Benchmark:  92%|█████████▏| 1840/2000 [08:34<00:41,  3.86it/s, loss=6.2225, lr=2.44e-05]Benchmark:  92%|█████████▎| 1850/2000 [08:37<00:39,  3.77it/s, loss=6.2225, lr=2.44e-05]Benchmark:  92%|█████████▎| 1850/2000 [08:37<00:39,  3.77it/s, loss=6.2230, lr=2.44e-05]Benchmark:  93%|█████████▎| 1860/2000 [08:39<00:35,  3.97it/s, loss=6.2230, lr=2.44e-05]Benchmark:  93%|█████████▎| 1860/2000 [08:39<00:35,  3.97it/s, loss=6.2175, lr=2.44e-05]Benchmark:  94%|█████████▎| 1870/2000 [08:41<00:32,  3.94it/s, loss=6.2175, lr=2.44e-05]Benchmark:  94%|█████████▎| 1870/2000 [08:41<00:32,  3.94it/s, loss=6.2157, lr=2.45e-05]Benchmark:  94%|█████████▍| 1880/2000 [08:44<00:31,  3.79it/s, loss=6.2157, lr=2.45e-05]Benchmark:  94%|█████████▍| 1880/2000 [08:44<00:31,  3.79it/s, loss=6.2147, lr=2.45e-05]Benchmark:  94%|█████████▍| 1890/2000 [08:47<00:30,  3.62it/s, loss=6.2147, lr=2.45e-05]Benchmark:  94%|█████████▍| 1890/2000 [08:47<00:30,  3.62it/s, loss=6.2141, lr=2.45e-05]Benchmark:  95%|█████████▌| 1900/2000 [08:50<00:28,  3.54it/s, loss=6.2141, lr=2.45e-05]Benchmark:  95%|█████████▌| 1900/2000 [08:50<00:28,  3.54it/s, loss=6.2126, lr=2.45e-05]Benchmark:  96%|█████████▌| 1910/2000 [08:54<00:27,  3.29it/s, loss=6.2126, lr=2.45e-05]Benchmark:  96%|█████████▌| 1910/2000 [08:54<00:27,  3.29it/s, loss=6.2133, lr=2.45e-05]Benchmark:  96%|█████████▌| 1920/2000 [08:58<00:27,  2.93it/s, loss=6.2133, lr=2.45e-05]Benchmark:  96%|█████████▌| 1920/2000 [08:58<00:27,  2.93it/s, loss=6.2136, lr=2.46e-05]Benchmark:  96%|█████████▋| 1930/2000 [09:02<00:25,  2.74it/s, loss=6.2136, lr=2.46e-05]Benchmark:  96%|█████████▋| 1930/2000 [09:02<00:25,  2.74it/s, loss=6.2129, lr=2.46e-05]Benchmark:  97%|█████████▋| 1940/2000 [09:06<00:21,  2.74it/s, loss=6.2129, lr=2.46e-05]Benchmark:  97%|█████████▋| 1940/2000 [09:06<00:21,  2.74it/s, loss=6.2110, lr=2.46e-05]Benchmark:  98%|█████████▊| 1950/2000 [09:09<00:17,  2.81it/s, loss=6.2110, lr=2.46e-05]Benchmark:  98%|█████████▊| 1950/2000 [09:09<00:17,  2.81it/s, loss=6.2074, lr=2.46e-05]Benchmark:  98%|█████████▊| 1960/2000 [09:13<00:14,  2.72it/s, loss=6.2074, lr=2.46e-05]Benchmark:  98%|█████████▊| 1960/2000 [09:13<00:14,  2.72it/s, loss=6.2053, lr=2.47e-05]Benchmark:  98%|█████████▊| 1970/2000 [09:17<00:11,  2.67it/s, loss=6.2053, lr=2.47e-05]Benchmark:  98%|█████████▊| 1970/2000 [09:17<00:11,  2.67it/s, loss=6.2050, lr=2.47e-05]Benchmark:  99%|█████████▉| 1980/2000 [09:20<00:07,  2.77it/s, loss=6.2050, lr=2.47e-05]Benchmark:  99%|█████████▉| 1980/2000 [09:20<00:07,  2.77it/s, loss=6.2050, lr=2.47e-05]Benchmark: 100%|█████████▉| 1990/2000 [09:24<00:03,  2.84it/s, loss=6.2050, lr=2.47e-05]Benchmark: 100%|█████████▉| 1990/2000 [09:24<00:03,  2.84it/s, loss=6.2051, lr=2.47e-05]Benchmark: 100%|██████████| 2000/2000 [09:27<00:00,  2.91it/s, loss=6.2051, lr=2.47e-05]Benchmark: 100%|██████████| 2000/2000 [09:27<00:00,  2.91it/s, loss=6.2061, lr=2.48e-05]Benchmark: 100%|██████████| 2000/2000 [09:27<00:00,  3.52it/s, loss=6.2061, lr=2.48e-05]

================================================================================
Benchmark complete!
Measured time: 508.5285s
Global throughput: 3624.58 samples/s
Per-GPU throughput: 28.32 samples/s
Optimizer step rate: 3.54 steps/s
Approximate token throughput: 1391836.95 tokens/s
Actual token throughput: 1231944.00 tokens/s
Global token throughput: 1231944.00 tokens/s
Average encoder tokens/sample: 255.97
Average decoder tokens/sample: 83.92
Average loss: 6.2056
Benchmark summary: /capstor/store/cscs/pasc/c39/swiss-ai/benchmark/1766789/20260331_081338/benchmark_summary.json
================================================================================
